Component: ARM Compiler 5.06 update 7 (build 960) Tool: armlink [4d3601]

==============================================================================

Section Cross References

    main.o(.text) refers to _printf_pad.o(.text) for _printf_pre_padding
    main.o(.text) refers to _printf_percent.o(.ARM.Collect$$_printf_percent$$00000000) for _printf_percent
    main.o(.text) refers to _printf_d.o(.ARM.Collect$$_printf_percent$$00000009) for _printf_d
    main.o(.text) refers to _printf_dec.o(.text) for _printf_int_dec
    main.o(.text) refers to _scanf_int.o(.text) for _scanf_int
    main.o(.text) refers to strcpy.o(.text) for strcpy
    main.o(.text) refers to noretval__2sprintf.o(.text) for __2sprintf
    main.o(.text) refers to lcd.o(.text) for LCD_ShowString
    main.o(.text) refers to strcmpv7m.o(.text) for strcmp
    main.o(.text) refers to noretval__2printf.o(.text) for __2printf
    main.o(.text) refers to rt_memclr.o(.text) for __aeabi_memclr
    main.o(.text) refers to key.o(.text) for KEY_Scan
    main.o(.text) refers to __0sscanf.o(.text) for __0sscanf
    main.o(.text) refers to misc.o(.text) for NVIC_PriorityGroupConfig
    main.o(.text) refers to usart.o(.text) for uart_init
    main.o(.text) refers to delay.o(.text) for delay_init
    main.o(.text) refers to led.o(.text) for LED_Init
    main.o(.text) refers to timer.o(.text) for TIM3_Int_Init
    main.o(.text) refers to stm32f10x_tim.o(.text) for TIM_GetITStatus
    main.o(.text) refers to main.o(.data) for cmd_show_lcd
    main.o(.text) refers to usart.o(.data) for USART_RX_STA
    main.o(.text) refers to usart.o(.bss) for USART_RX_BUF
    main.o(.text) refers to lcd.o(.data) for POINT_COLOR
    system_stm32f10x.o(.text) refers to system_stm32f10x.o(.data) for SystemCoreClock
    led.o(.text) refers to stm32f10x_rcc.o(.text) for RCC_APB2PeriphClockCmd
    led.o(.text) refers to stm32f10x_gpio.o(.text) for GPIO_Init
    key.o(.text) refers to stm32f10x_rcc.o(.text) for RCC_APB2PeriphClockCmd
    key.o(.text) refers to stm32f10x_gpio.o(.text) for GPIO_Init
    key.o(.text) refers to delay.o(.text) for delay_ms
    key.o(.text) refers to key.o(.data) for key_up
    lcd.o(.text) refers to _printf_percent.o(.ARM.Collect$$_printf_percent$$00000000) for _printf_percent
    lcd.o(.text) refers to _printf_x.o(.ARM.Collect$$_printf_percent$$0000000C) for _printf_x
    lcd.o(.text) refers to _printf_hex_int.o(.text) for _printf_longlong_hex
    lcd.o(.text) refers to delay.o(.text) for delay_us
    lcd.o(.text) refers to lcd.o(.bss) for lcddev
    lcd.o(.text) refers to lcd.o(.data) for POINT_COLOR
    lcd.o(.text) refers to dflt_clz.o(x$fpl$dfltu) for __aeabi_ui2d
    lcd.o(.text) refers to dmul.o(x$fpl$dmul) for __aeabi_dmul
    lcd.o(.text) refers to dfixu.o(x$fpl$dfixu) for __aeabi_d2uiz
    lcd.o(.text) refers to stm32f10x_rcc.o(.text) for RCC_AHBPeriphClockCmd
    lcd.o(.text) refers to stm32f10x_gpio.o(.text) for GPIO_Init
    lcd.o(.text) refers to stm32f10x_fsmc.o(.text) for FSMC_NORSRAMInit
    lcd.o(.text) refers to noretval__2printf.o(.text) for __2printf
    lcd.o(.text) refers to lcd.o(.constdata) for asc2_1206
    timer.o(.text) refers to stm32f10x_rcc.o(.text) for RCC_APB1PeriphClockCmd
    timer.o(.text) refers to stm32f10x_tim.o(.text) for TIM_TimeBaseInit
    timer.o(.text) refers to misc.o(.text) for NVIC_Init
    delay.o(.text) refers to misc.o(.text) for SysTick_CLKSourceConfig
    delay.o(.text) refers to system_stm32f10x.o(.data) for SystemCoreClock
    delay.o(.text) refers to delay.o(.data) for fac_us
    usart.o(.text) refers (Special) to use_no_semi_2.o(.text) for __use_no_semihosting
    usart.o(.text) refers to stm32f10x_rcc.o(.text) for RCC_APB2PeriphClockCmd
    usart.o(.text) refers to stm32f10x_gpio.o(.text) for GPIO_Init
    usart.o(.text) refers to misc.o(.text) for NVIC_Init
    usart.o(.text) refers to stm32f10x_usart.o(.text) for USART_Init
    usart.o(.text) refers to usart.o(.data) for USART_RX_STA
    usart.o(.text) refers to usart.o(.bss) for USART_RX_BUF
    usart.o(.bss) refers (Special) to use_no_semi_2.o(.text) for __use_no_semihosting
    usart.o(.data) refers (Special) to use_no_semi_2.o(.text) for __use_no_semihosting
    startup_stm32f10x_hd.o(STACK) refers (Special) to heapauxi.o(.text) for __use_two_region_memory
    startup_stm32f10x_hd.o(HEAP) refers (Special) to heapauxi.o(.text) for __use_two_region_memory
    startup_stm32f10x_hd.o(RESET) refers (Special) to heapauxi.o(.text) for __use_two_region_memory
    startup_stm32f10x_hd.o(RESET) refers to startup_stm32f10x_hd.o(STACK) for __initial_sp
    startup_stm32f10x_hd.o(RESET) refers to startup_stm32f10x_hd.o(.text) for Reset_Handler
    startup_stm32f10x_hd.o(RESET) refers to stm32f10x_it.o(.text) for NMI_Handler
    startup_stm32f10x_hd.o(RESET) refers to main.o(.text) for TIM3_IRQHandler
    startup_stm32f10x_hd.o(RESET) refers to usart.o(.text) for USART1_IRQHandler
[...]
    ../clib/printf.c                         0x00000000   Number         0  _printf_hex_int_ll_ptr.o ABSOLUTE
    ../clib/printf.c                         0x00000000   Number         0  __printf_flags.o ABSOLUTE
    ../clib/printf.c                         0x00000000   Number         0  __printf_flags_ss.o ABSOLUTE
    ../clib/printf.c                         0x00000000   Number         0  _printf_intcommon.o ABSOLUTE
    ../clib/printf.c                         0x00000000   Number         0  _printf_char_file.o ABSOLUTE
    ../clib/printf.c                         0x00000000   Number         0  _printf_char_common.o ABSOLUTE
    ../clib/printf.c                         0x00000000   Number         0  __printf_wp.o ABSOLUTE
    ../clib/printf.c                         0x00000000   Number         0  _sputc.o ABSOLUTE
    ../clib/printf.c                         0x00000000   Number         0  __printf_flags_wp.o ABSOLUTE
    ../clib/printf.c                         0x00000000   Number         0  __printf_ss_wp.o ABSOLUTE
    ../clib/printf.c                         0x00000000   Number         0  __printf_flags_ss_wp.o ABSOLUTE
    ../clib/printf.c                         0x00000000   Number         0  __printf_ss.o ABSOLUTE
    ../clib/printf.c                         0x00000000   Number         0  __printf_nopercent.o ABSOLUTE
    ../clib/printf.c                         0x00000000   Number         0  _printf_dec.o ABSOLUTE
    ../clib/printf.c                         0x00000000   Number         0  __2sprintf.o ABSOLUTE
    ../clib/printf.c                         0x00000000   Number         0  noretval__2printf.o ABSOLUTE
    ../clib/printf.c                         0x00000000   Number         0  noretval__2sprintf.o ABSOLUTE
    ../clib/printf.c                         0x00000000   Number         0  __printf.o ABSOLUTE
    ../clib/printf.c                         0x00000000   Number         0  _printf_pad.o ABSOLUTE
    ../clib/printf_percent.s                 0x00000000   Number         0  _printf_percent_end.o ABSOLUTE
    ../clib/printf_percent.s                 0x00000000   Number         0  _printf_percent.o ABSOLUTE
    ../clib/printf_percent.s                 0x00000000   Number         0  _printf_x.o ABSOLUTE
    ../clib/printf_percent.s                 0x00000000   Number         0  _printf_d.o ABSOLUTE
    ../clib/scanf.c                          0x00000000   Number         0  _scanf.o ABSOLUTE
    ../clib/scanf.c                          0x00000000   Number         0  _sgetc.o ABSOLUTE
    ../clib/scanf.c                          0x00000000   Number         0  scanf_char.o ABSOLUTE
    ../clib/scanf.c                          0x00000000   Number         0  _chval.o ABSOLUTE
    ../clib/scanf.c                          0x00000000   Number         0  _scanf_int.o ABSOLUTE
    ../clib/scanf.c                          0x00000000   Number         0  __0sscanf.o ABSOLUTE
    ../clib/signal.c                         0x00000000   Number         0  defsig_exit.o ABSOLUTE
    ../clib/signal.c                         0x00000000   Number         0  defsig_pvfn_inner.o ABSOLUTE
    ../clib/signal.c                         0x00000000   Number         0  defsig_rtmem_outer.o ABSOLUTE
    ../clib/signal.c                         0x00000000   Number         0  defsig_stak_inner.o ABSOLUTE
    ../clib/signal.c                         0x00000000   Number         0  defsig_rtred_inner.o ABSOLUTE
    ../clib/signal.c                         0x00000000   Number         0  defsig_fpe_inner.o ABSOLUTE
    ../clib/signal.c                         0x00000000   Number         0  defsig_other.o ABSOLUTE
    ../clib/signal.c                         0x00000000   Number         0  defsig_segv_inner.o ABSOLUTE
    ../clib/signal.c                         0x00000000   Number         0  defsig_cppl_inner.o ABSOLUTE
    ../clib/signal.c                         0x00000000   Number         0  defsig_general.o ABSOLUTE
    ../clib/signal.c                         0x00000000   Number         0  __raise.o ABSOLUTE
    ../clib/signal.c                         0x00000000   Number         0  defsig_rtmem_inner.o ABSOLUTE
    ../clib/signal.c                         0x00000000   Number         0  defsig_rtmem_formal.o ABSOLUTE
    ../clib/signal.c                         0x00000000   Number         0  defsig_abrt_inner.o ABSOLUTE
    ../clib/signal.s                         0x00000000   Number         0  defsig.o ABSOLUTE
    ../clib/stdio.c                          0x00000000   Number         0  ferror.o ABSOLUTE
    ../clib/stdio.c                          0x00000000   Number         0  ferror_locked.o ABSOLUTE
    ../clib/stdlib.c                         0x00000000   Number         0  exit.o ABSOLUTE
    ../clib/string.c                         0x00000000   Number         0  strcpy.o ABSOLUTE
    ../fplib/dfixu.s                         0x00000000   Number         0  dfixu.o ABSOLUTE
    ../fplib/dflt.s                          0x00000000   Number         0  dflt_clz.o ABSOLUTE
    ../fplib/dmul.s                          0x00000000   Number         0  dmul.o ABSOLUTE
    ../fplib/dnaninf.s                       0x00000000   Number         0  dnaninf.o ABSOLUTE
    ../fplib/dretinf.s                       0x00000000   Number         0  dretinf.o ABSOLUTE
    ../fplib/fpinit.s                        0x00000000   Number         0  fpinit.o ABSOLUTE
    ../fplib/usenofp.s                       0x00000000   Number         0  usenofp.o ABSOLUTE
    ..\CORE\core_cm3.c                       0x00000000   Number         0  core_cm3.o ABSOLUTE
    ..\CORE\startup_stm32f10x_hd.s           0x00000000   Number         0  startup_stm32f10x_hd.o ABSOLUTE
    ..\HARDWARE\KEY\key.c                    0x00000000   Number         0  key.o ABSOLUTE
    ..\HARDWARE\LCD\lcd.c                    0x00000000   Number         0  lcd.o ABSOLUTE
    ..\HARDWARE\LED\led.c                    0x00000000   Number         0  led.o ABSOLUTE
    ..\HARDWARE\TIMER\timer.c                0x00000000   Number         0  timer.o ABSOLUTE
    ..\STM32F10x_FWLib\src\misc.c            0x00000000   Number         0  misc.o ABSOLUTE
    ..\STM32F10x_FWLib\src\stm32f10x_fsmc.c  0x00000000   Number         0  stm32f10x_fsmc.o ABSOLUTE
    ..\STM32F10x_FWLib\src\stm32f10x_gpio.c  0x00000000   Number         0  stm32f10x_gpio.o ABSOLUTE
    ..\STM32F10x_FWLib\src\stm32f10x_rcc.c   0x00000000   Number         0  stm32f10x_rcc.o ABSOLUTE
    ..\STM32F10x_FWLib\src\stm32f10x_tim.c   0x00000000   Number         0  stm32f10x_tim.o ABSOLUTE
    ..\STM32F10x_FWLib\src\stm32f10x_usart.c 0x00000000   Number         0  stm32f10x_usart.o ABSOLUTE
    ..\SYSTEM\delay\delay.c                  0x00000000   Number         0  delay.o ABSOLUTE
    ..\SYSTEM\sys\sys.c                      0x00000000   Number         0  sys.o ABSOLUTE
    ..\SYSTEM\usart\usart.c                  0x00000000   Number         0  usart.o ABSOLUTE
    ..\\CORE\\core_cm3.c                     0x00000000   Number         0  core_cm3.o ABSOLUTE
    ..\\SYSTEM\\sys\\sys.c                   0x00000000   Number         0  sys.o ABSOLUTE
    dc.s                                     0x00000000   Number         0  dc.o ABSOLUTE
    main.c                                   0x00000000   Number         0  main.o ABSOLUTE
    stm32f10x_it.c                           0x00000000   Number         0  stm32f10x_it.o ABSOLUTE
    system_stm32f10x.c                       0x00000000   Number         0  system_stm32f10x.o ABSOLUTE
    RESET                                    0x08000000   Section      304  startup_stm32f10x_hd.o(RESET)
    !!!main                                  0x08000130   Section        8  __main.o(!!!main)
    !!!scatter                               0x08000138   Section       52  __scatter.o(!!!scatter)
    !!handler_copy                           0x0800016c   Section       26  __scatter_copy.o(!!handler_copy)
    !!handler_zi                             0x08000188   Section       28  __scatter_zi.o(!!handler_zi)
    .ARM.Collect$$_printf_percent$$00000000  0x080001a4   Section        0  _printf_percent.o(.ARM.Collect$$_printf_percent$$00000000)
    .ARM.Collect$$_printf_percent$$00000009  0x080001a4   Section        6  _printf_d.o(.ARM.Collect$$_printf_percent$$00000009)
    .ARM.Collect$$_printf_percent$$0000000C  0x080001aa   Section        6  _printf_x.o(.ARM.Collect$$_printf_percent$$0000000C)
    .ARM.Collect$$_printf_percent$$00000017  0x080001b0   Section        4  _printf_percent_end.o(.ARM.Collect$$_printf_percent$$00000017)
    .ARM.Collect$$libinit$$00000000          0x080001b4   Section        2  libinit.o(.ARM.Collect$$libinit$$00000000)
    .ARM.Collect$$libinit$$00000002          0x080001b6   Section        0  libinit2.o(.ARM.Collect$$libinit$$00000002)
    .ARM.Collect$$libinit$$00000004          0x080001b6   Section        0  libinit2.o(.ARM.Collect$$libinit$$00000004)
    .ARM.Collect$$libinit$$0000000A          0x080001b6   Section        0  libinit2.o(.ARM.Collect$$libinit$$0000000A)
    .ARM.Collect$$libinit$$0000000C          0x080001b6   Section        0  libinit2.o(.ARM.Collect$$libinit$$0000000C)
    .ARM.Collect$$libinit$$0000000E          0x080001b6   Section        0  libinit2.o(.ARM.Collect$$libinit$$0000000E)
    .ARM.Collect$$libinit$$0000000F          0x080001b6   Section        6  libinit2.o(.ARM.Collect$$libinit$$0000000F)
    .ARM.Collect$$libinit$$00000011          0x080001bc   Section        0  libinit2.o(.ARM.Collect$$libinit$$00000011)
    .ARM.Collect$$libinit$$00000012          0x080001bc   Section       12  libinit2.o(.ARM.Collect$$libinit$$00000012)
    .ARM.Collect$$libinit$$00000013          0x080001c8   Section        0  libinit2.o(.ARM.Collect$$libinit$$00000013)
    .ARM.Collect$$libinit$$00000015          0x080001c8   Section        0  libinit2.o(.ARM.Collect$$libinit$$00000015)
    .ARM.Collect$$libinit$$00000017          0x080001c8   Section        0  libinit2.o(.ARM.Collect$$libinit$$00000017)
    .ARM.Collect$$libinit$$00000019          0x080001c8   Section        0  libinit2.o(.ARM.Collect$$libinit$$00000019)
    .ARM.Collect$$libinit$$0000001B          0x080001c8   Section        0  libinit2.o(.ARM.Collect$$libinit$$0000001B)
    .ARM.Collect$$libinit$$0000001D          0x080001c8   Section        0  libinit2.o(.ARM.Collect$$libinit$$0000001D)
    .ARM.Collect$$libinit$$0000001F          0x080001c8   Section        0  libinit2.o(.ARM.Collect$$libinit$$0000001F)
    .ARM.Collect$$libinit$$00000021          0x080001c8   Section        0  libinit2.o(.ARM.Collect$$libinit$$00000021)
    .ARM.Collect$$libinit$$00000023          0x080001c8   Section        0  libinit2.o(.ARM.Collect$$libinit$$00000023)
    .ARM.Collect$$libinit$$00000025          0x080001c8   Section        0  libinit2.o(.ARM.Collect$$libinit$$00000025)
    .ARM.Collect$$libinit$$0000002C          0x080001c8   Section        0  libinit2.o(.ARM.Collect$$libinit$$0000002C)
    .ARM.Collect$$libinit$$0000002E          0x080001c8   Section        0  libinit2.o(.ARM.Collect$$libinit$$0000002E)
    .ARM.Collect$$libinit$$00000030          0x080001c8   Section        0  libinit2.o(.ARM.Collect$$libinit$$00000030)
    .ARM.Collect$$libinit$$00000032          0x080001c8   Section        0  libinit2.o(.ARM.Collect$$libinit$$00000032)
    .ARM.Collect$$libinit$$00000033          0x080001c8   Section        2  libinit2.o(.ARM.Collect$$libinit$$00000033)
    .ARM.Collect$$libshutdown$$00000000      0x080001ca   Section        2  libshutdown.o(.ARM.Collect$$libshutdown$$00000000)
    .ARM.Collect$$libshutdown$$00000002      0x080001cc   Section        0  libshutdown2.o(.ARM.Collect$$libshutdown$$00000002)
    .ARM.Collect$$libshutdown$$00000004      0x080001cc   Section        0  libshutdown2.o(.ARM.Collect$$libshutdown$$00000004)
    .ARM.Collect$$libshutdown$$00000006      0x080001cc   Section        0  libshutdown2.o(.ARM.Collect$$libshutdown$$00000006)
    .ARM.Collect$$libshutdown$$00000009      0x080001cc   Section        0  libshutdown2.o(.ARM.Collect$$libshutdown$$00000009)
    .ARM.Collect$$libshutdown$$0000000C      0x080001cc   Section        0  libshutdown2.o(.ARM.Collect$$libshutdown$$0000000C)
    .ARM.Collect$$libshutdown$$0000000E      0x080001cc   Section        0  libshutdown2.o(.ARM.Collect$$libshutdown$$0000000E)
    .ARM.Collect$$libshutdown$$00000011      0x080001cc   Section        0  libshutdown2.o(.ARM.Collect$$libshutdown$$00000011)
    .ARM.Collect$$libshutdown$$00000012      0x080001cc   Section        2  libshutdown2.o(.ARM.Collect$$libshutdown$$00000012)
    .ARM.Collect$$rtentry$$00000000          0x080001ce   Section        0  __rtentry.o(.ARM.Collect$$rtentry$$00000000)
    .ARM.Collect$$rtentry$$00000002          0x080001ce   Section        0  __rtentry2.o(.ARM.Collect$$rtentry$$00000002)
    .ARM.Collect$$rtentry$$00000004          0x080001ce   Section        6  __rtentry4.o(.ARM.Collect$$rtentry$$00000004)
    .ARM.Collect$$rtentry$$00000009          0x080001d4   Section        0  __rtentry2.o(.ARM.Collect$$rtentry$$00000009)
    .ARM.Collect$$rtentry$$0000000A          0x080001d4   Section        4  __rtentry2.o(.ARM.Collect$$rtentry$$0000000A)
    .ARM.Collect$$rtentry$$0000000C          0x080001d8   Section        0  __rtentry2.o(.ARM.Collect$$rtentry$$0000000C)
    .ARM.Collect$$rtentry$$0000000D          0x080001d8   Section        8  __rtentry2.o(.ARM.Collect$$rtentry$$0000000D)
    .ARM.Collect$$rtexit$$00000000           0x080001e0   Section        2  rtexit.o(.ARM.Collect$$rtexit$$00000000)
    .ARM.Collect$$rtexit$$00000002           0x080001e2   Section        0  rtexit2.o(.ARM.Collect$$rtexit$$00000002)
    .ARM.Collect$$rtexit$$00000003           0x080001e2   Section        4  rtexit2.o(.ARM.Collect$$rtexit$$00000003)
    .ARM.Collect$$rtexit$$00000004           0x080001e6   Section        6  rtexit2.o(.ARM.Collect$$rtexit$$00000004)
    .text                                    0x080001ec   Section        0  main.o(.text)
    .text                                    0x08000898   Section        0  stm32f10x_it.o(.text)
    .text                                    0x080008b4   Section        0  system_stm32f10x.o(.text)
    SetSysClockTo72                          0x080008b5   Thumb Code   214  system_stm32f10x.o(.text)
    SetSysClock                              0x0800098b   Thumb Code     8  system_stm32f10x.o(.text)
    .text                                    0x08000a94   Section        0  led.o(.text)
    .text                                    0x08000ae0   Section        0  key.o(.text)
    .text                                    0x08000bdc   Section        0  lcd.o(.text)
    .text                                    0x08005638   Section        0  timer.o(.text)
    .text                                    0x080056f0   Section        0  delay.o(.text)
    .text                                    0x080057c4   Section        0  usart.o(.text)
    .text                                    0x08005904   Section       64  startup_stm32f10x_hd.o(.text)
    .text                                    0x08005944   Section        0  misc.o(.text)
    .text                                    0x08005a20   Section        0  stm32f10x_fsmc.o(.text)
    .text                                    0x0800602c   Section        0  stm32f10x_gpio.o(.text)
    .text                                    0x08006388   Section        0  stm32f10x_rcc.o(.text)
    .text                                    0x0800672c   Section        0  stm32f10x_usart.o(.text)
    .text                                    0x08006b34   Section        0  stm32f10x_tim.o(.text)
    TI4_Config                               0x08006fdb   Thumb Code   130  stm32f10x_tim.o(.text)
    TI3_Config                               0x0800706f   Thumb Code   122  stm32f10x_tim.o(.text)
    TI2_Config                               0x08007103   Thumb Code   130  stm32f10x_tim.o(.text)
    TI1_Config                               0x08007197   Thumb Code   108  stm32f10x_tim.o(.text)
    .text                                    0x0800794e   Section        2  use_no_semi_2.o(.text)
    .text                                    0x08007950   Section        0  noretval__2printf.o(.text)
    .text                                    0x08007968   Section        0  noretval__2sprintf.o(.text)
    .text                                    0x08007990   Section        0  _printf_pad.o(.text)
    .text                                    0x080079e0   Section        0  _printf_dec.o(.text)
    .text                                    0x08007a58   Section        0  _printf_hex_int.o(.text)
    .text                                    0x08007ab0   Section        0  __printf_flags_wp.o(.text)
    .text                                    0x08007be8   Section        0  __0sscanf.o(.text)
    .text                                    0x08007c24   Section        0  _scanf_int.o(.text)
    .text                                    0x08007d70   Section        0  strcpy.o(.text)
    .text                                    0x08007db8   Section       68  rt_memclr.o(.text)
    .text                                    0x08007dfc   Section      128  strcmpv7m.o(.text)
    .text                                    0x08007e7c   Section        0  heapauxi.o(.text)
    .text                                    0x08007e82   Section        2  use_no_semi.o(.text)
    .text                                    0x08007e84   Section        0  _printf_intcommon.o(.text)
    .text                                    0x08007f38   Section        0  _printf_char_common.o(.text)
    _printf_input_char                       0x08007f39   Thumb Code    10  _printf_char_common.o(.text)
    .text                                    0x08007f68   Section        0  _sputc.o(.text)
    .text                                    0x08007f74   Section        0  _printf_char_file.o(.text)
    .text                                    0x08007f98   Section        0  _chval.o(.text)
    .text                                    0x08007fb4   Section        0  scanf_char.o(.text)
    _scanf_char_input                        0x08007fb5   Thumb Code    12  scanf_char.o(.text)
    .text                                    0x08007fe0   Section        0  _sgetc.o(.text)
    .text                                    0x08008020   Section       78  rt_memclr_w.o(.text)
    .text                                    0x0800806e   Section        0  isspace.o(.text)
    .text                                    0x08008080   Section        0  _scanf.o(.text)
    .text                                    0x080083f4   Section        0  ferror.o(.text)
    .text                                    0x080083fc   Section       74  sys_stackheap_outer.o(.text)
    .text                                    0x08008448   Section       16  rt_ctype_table.o(.text)
    .text                                    0x08008458   Section        0  exit.o(.text)
    .text                                    0x0800846c   Section        8  libspace.o(.text)
    .text                                    0x08008474   Section        8  rt_locale_intlibspace.o(.text)
    i._is_digit                              0x0800847c   Section        0  __printf_wp.o(i._is_digit)
    locale$$code                             0x0800848c   Section       44  lc_ctype_c.o(locale$$code)
    x$fpl$dfixu                              0x080084b8   Section       90  dfixu.o(x$fpl$dfixu)
    x$fpl$dfltu                              0x08008512   Section       38  dflt_clz.o(x$fpl$dfltu)
    x$fpl$dmul                               0x08008538   Section      340  dmul.o(x$fpl$dmul)
    x$fpl$dnaninf                            0x0800868c   Section      156  dnaninf.o(x$fpl$dnaninf)
    x$fpl$dretinf                            0x08008728   Section       12  dretinf.o(x$fpl$dretinf)
    .constdata                               0x08008734   Section     6080  lcd.o(.constdata)
    x$fpl$usenofp                            0x08008734   Section        0  usenofp.o(x$fpl$usenofp)
    .constdata                               0x08009ef4   Section       40  _printf_hex_int.o(.constdata)
    uc_hextab                                0x08009ef4   Data          20  _printf_hex_int.o(.constdata)
    lc_hextab                                0x08009f08   Data          20  _printf_hex_int.o(.constdata)
    .constdata                               0x08009f1c   Section       17  __printf_flags_wp.o(.constdata)
    maptable                                 0x08009f1c   Data          17  __printf_flags_wp.o(.constdata)
    locale$$data                             0x08009f50   Section      272  lc_ctype_c.o(locale$$data)
    __lcctype_c_name                         0x08009f54   Data           2  lc_ctype_c.o(locale$$data)
    __lcctype_c_start                        0x08009f5c   Data           0  lc_ctype_c.o(locale$$data)
    __lcctype_c_end                          0x0800a060   Data           0  lc_ctype_c.o(locale$$data)
    .data                                    0x20000000   Section       10  main.o(.data)
    .data                                    0x2000000c   Section       20  system_stm32f10x.o(.data)
    .data                                    0x20000020   Section        1  key.o(.data)
    key_up                                   0x20000020   Data           1  key.o(.data)
    .data                                    0x20000022   Section        4  lcd.o(.data)
    .data                                    0x20000026   Section        4  delay.o(.data)
    fac_us                                   0x20000026   Data           1  delay.o(.data)
    fac_ms                                   0x20000028   Data           2  delay.o(.data)
    .data                                    0x2000002c   Section        6  usart.o(.data)
    .data                                    0x20000032   Section       20  stm32f10x_rcc.o(.data)
    APBAHBPrescTable                         0x20000032   Data          16  stm32f10x_rcc.o(.data)
    ADCPrescTable                            0x20000042   Data           4  stm32f10x_rcc.o(.data)
    .bss                                     0x20000048   Section       14  lcd.o(.bss)
    .bss                                     0x20000056   Section      200  usart.o(.bss)
    .bss                                     0x20000120   Section       96  libspace.o(.bss)
    HEAP                                     0x20000180   Section      512  startup_stm32f10x_hd.o(HEAP)
    Heap_Mem                                 0x20000180   Data         512  startup_stm32f10x_hd.o(HEAP)
    STACK                                    0x20000380   Section     1024  startup_stm32f10x_hd.o(STACK)
    Stack_Mem                                0x20000380   Data        1024  startup_stm32f10x_hd.o(STACK)
    __initial_sp                             0x20000780   Data           0  startup_stm32f10x_hd.o(STACK)

    Global Symbols

    Symbol Name                              Value     Ov Type        Size  Object(Section)

    BuildAttributes$$THM_ISAv4$P$D$K$B$S$PE$A:L22UL41UL21$X:L11$S22US41US21$IEEE1$IW$USESV6$~STKCKD$USESV7$~SHL$OSPACE$ROPI$EBA8$UX$STANDARDLIB$REQ8$PRES8$EABIv2 0x00000000   Number         0  anon$$obj.o ABSOLUTE
    __ARM_use_no_argv                        0x00000000   Number         0  main.o ABSOLUTE
    _printf_flags                            0x00000000   Number         0  printf_stubs.o ABSOLUTE
    _printf_return_value                     0x00000000   Number         0  printf_stubs.o ABSOLUTE
    _printf_sizespec                         0x00000000   Number         0  printf_stubs.o ABSOLUTE
    _printf_widthprec                        0x00000000   Number         0  printf_stubs.o ABSOLUTE
    __ARM_exceptions_init                     - Undefined Weak Reference
    __alloca_initialize                       - Undefined Weak Reference
    __arm_fini_                               - Undefined Weak Reference
    __arm_preinit_                            - Undefined Weak Reference
    __cpp_initialize__aeabi_                  - Undefined Weak Reference
    __cxa_finalize                            - Undefined Weak Reference
    __sigvec_lookup                           - Undefined Weak Reference
    _atexit_init                              - Undefined Weak Reference
    _call_atexit_fns                          - Undefined Weak Reference
    _clock_init                               - Undefined Weak Reference
    _fp_trap_init                             - Undefined Weak Reference
    _fp_trap_shutdown                         - Undefined Weak Reference
    _get_lc_collate                           - Undefined Weak Reference
    _get_lc_monetary                          - Undefined Weak Reference
    _get_lc_numeric                           - Undefined Weak Reference
    _get_lc_time                              - Undefined Weak Reference
    _getenv_init                              - Undefined Weak Reference
    _handle_redirection                       - Undefined Weak Reference
    _init_alloc                               - Undefined Weak Reference
    _init_user_alloc                          - Undefined Weak Reference
    _initio                                   - Undefined Weak Reference
    _mutex_acquire                            - Undefined Weak Reference
    _mutex_release                            - Undefined Weak Reference
    _printf_truncate_signed                   - Undefined Weak Reference
    _printf_truncate_unsigned                 - Undefined Weak Reference
    _rand_init                                - Undefined Weak Reference
    _scanf_longlong                           - Undefined Weak Reference
    _scanf_mbtowc                             - Undefined Weak Reference
    _scanf_real                               - Undefined Weak Reference
    _scanf_string                             - Undefined Weak Reference
    _scanf_wctomb                             - Undefined Weak Reference
    _scanf_wstring                            - Undefined Weak Reference
    _signal_finish                            - Undefined Weak Reference
    _signal_init                              - Undefined Weak Reference
    _terminate_alloc                          - Undefined Weak Reference
    _terminate_user_alloc                     - Undefined Weak Reference
    _terminateio                              - Undefined Weak Reference
    __Vectors_Size                           0x00000130   Number         0  startup_stm32f10x_hd.o ABSOLUTE
    __Vectors                                0x08000000   Data           4  startup_stm32f10x_hd.o(RESET)
    __Vectors_End                            0x08000130   Data           0  startup_stm32f10x_hd.o(RESET)
    __main                                   0x08000131   Thumb Code     8  __main.o(!!!main)
    __scatterload                            0x08000139   Thumb Code     0  __scatter.o(!!!scatter)
    __scatterload_rt2                        0x08000139   Thumb Code    44  __scatter.o(!!!scatter)
    __scatterload_rt2_thumb_only             0x08000139   Thumb Code     0  __scatter.o(!!!scatter)
    __scatterload_null                       0x08000147   Thumb Code     0  __scatter.o(!!!scatter)
    __scatterload_copy                       0x0800016d   Thumb Code    26  __scatter_copy.o(!!handler_copy)
    __scatterload_zeroinit                   0x08000189   Thumb Code    28  __scatter_zi.o(!!handler_zi)
    _printf_d                                0x080001a5   Thumb Code     0  _printf_d.o(.ARM.Collect$$_printf_percent$$00000009)
    _printf_percent                          0x080001a5   Thumb Code     0  _printf_percent.o(.ARM.Collect$$_printf_percent$$00000000)
    _printf_x                                0x080001ab   Thumb Code     0  _printf_x.o(.ARM.Collect$$_printf_percent$$0000000C)
    _printf_percent_end                      0x080001b1   Thumb Code     0  _printf_percent_end.o(.ARM.Collect$$_printf_percent$$00000017)
    __rt_lib_init                            0x080001b5   Thumb Code     0  libinit.o(.ARM.Collect$$libinit$$00000000)
    __rt_lib_init_fp_1                       0x080001b7   Thumb Code     0  libinit2.o(.ARM.Collect$$libinit$$00000002)
    __rt_lib_init_heap_1                     0x080001b7   Thumb Code     0  libinit2.o(.ARM.Collect$$libinit$$0000000A)
    __rt_lib_init_lc_common                  0x080001b7   Thumb Code     0  libinit2.o(.ARM.Collect$$libinit$$0000000F)
    __rt_lib_init_preinit_1                  0x080001b7   Thumb Code     0  libinit2.o(.ARM.Collect$$libinit$$00000004)
    __rt_lib_init_rand_1                     0x080001b7   Thumb Code     0  libinit2.o(.ARM.Collect$$libinit$$0000000E)
    __rt_lib_init_user_alloc_1               0x080001b7   Thumb Code     0  libinit2.o(.ARM.Collect$$libinit$$0000000C)
    __rt_lib_init_lc_collate_1               0x080001bd   Thumb Code     0  libinit2.o(.ARM.Collect$$libinit$$00000011)
    __rt_lib_init_lc_ctype_2                 0x080001bd   Thumb Code     0  libinit2.o(.ARM.Collect$$libinit$$00000012)
    __rt_lib_init_alloca_1                   0x080001c9   Thumb Code     0  libinit2.o(.ARM.Collect$$libinit$$0000002E)
    __rt_lib_init_argv_1                     0x080001c9   Thumb Code     0  libinit2.o(.ARM.Collect$$libinit$$0000002C)
    __rt_lib_init_atexit_1                   0x080001c9   Thumb Code     0  libinit2.o(.ARM.Collect$$libinit$$0000001B)
    __rt_lib_init_clock_1                    0x080001c9   Thumb Code     0  libinit2.o(.ARM.Collect$$libinit$$00000021)
    __rt_lib_init_cpp_1                      0x080001c9   Thumb Code     0  libinit2.o(.ARM.Collect$$libinit$$00000032)
    __rt_lib_init_exceptions_1               0x080001c9   Thumb Code     0  libinit2.o(.ARM.Collect$$libinit$$00000030)
    __rt_lib_init_fp_trap_1                  0x080001c9   Thumb Code     0  libinit2.o(.ARM.Collect$$libinit$$0000001F)
    __rt_lib_init_getenv_1                   0x080001c9   Thumb Code     0  libinit2.o(.ARM.Collect$$libinit$$00000023)
    __rt_lib_init_lc_ctype_1                 0x080001c9   Thumb Code     0  libinit2.o(.ARM.Collect$$libinit$$00000013)
    __rt_lib_init_lc_monetary_1              0x080001c9   Thumb Code     0  libinit2.o(.ARM.Collect$$libinit$$00000015)
    __rt_lib_init_lc_numeric_1               0x080001c9   Thumb Code     0  libinit2.o(.ARM.Collect$$libinit$$00000017)
    __rt_lib_init_lc_time_1                  0x080001c9   Thumb Code     0  libinit2.o(.ARM.Collect$$libinit$$00000019)
    __rt_lib_init_return                     0x080001c9   Thumb Code     0  libinit2.o(.ARM.Collect$$libinit$$00000033)
    __rt_lib_init_signal_1                   0x080001c9   Thumb Code     0  libinit2.o(.ARM.Collect$$libinit$$0000001D)
    __rt_lib_init_stdio_1                    0x080001c9   Thumb Code     0  libinit2.o(.ARM.Collect$$libinit$$00000025)
    __rt_lib_shutdown                        0x080001cb   Thumb Code     0  libshutdown.o(.ARM.Collect$$libshutdown$$00000000)
    __rt_lib_shutdown_cpp_1                  0x080001cd   Thumb Code     0  libshutdown2.o(.ARM.Collect$$libshutdown$$00000004)
    __rt_lib_shutdown_fini_1                 0x080001cd   Thumb Code     0  libshutdown2.o(.ARM.Collect$$libshutdown$$00000002)
    __rt_lib_shutdown_fp_trap_1              0x080001cd   Thumb Code     0  libshutdown2.o(.ARM.Collect$$libshutdown$$00000009)
    __rt_lib_shutdown_heap_1                 0x080001cd   Thumb Code     0  libshutdown2.o(.ARM.Collect$$libshutdown$$00000011)
    __rt_lib_shutdown_return                 0x080001cd   Thumb Code     0  libshutdown2.o(.ARM.Collect$$libshutdown$$00000012)
    __rt_lib_shutdown_signal_1               0x080001cd   Thumb Code     0  libshutdown2.o(.ARM.Collect$$libshutdown$$0000000C)
    __rt_lib_shutdown_stdio_1                0x080001cd   Thumb Code     0  libshutdown2.o(.ARM.Collect$$libshutdown$$00000006)
    __rt_lib_shutdown_user_alloc_1           0x080001cd   Thumb Code     0  libshutdown2.o(.ARM.Collect$$libshutdown$$0000000E)
    __rt_entry                               0x080001cf   Thumb Code     0  __rtentry.o(.ARM.Collect$$rtentry$$00000000)
    __rt_entry_presh_1                       0x080001cf   Thumb Code     0  __rtentry2.o(.ARM.Collect$$rtentry$$00000002)
    __rt_entry_sh                            0x080001cf   Thumb Code     0  __rtentry4.o(.ARM.Collect$$rtentry$$00000004)
    __rt_entry_li                            0x080001d5   Thumb Code     0  __rtentry2.o(.ARM.Collect$$rtentry$$0000000A)
    __rt_entry_postsh_1                      0x080001d5   Thumb Code     0  __rtentry2.o(.ARM.Collect$$rtentry$$00000009)
    __rt_entry_main                          0x080001d9   Thumb Code     0  __rtentry2.o(.ARM.Collect$$rtentry$$0000000D)
    __rt_entry_postli_1                      0x080001d9   Thumb Code     0  __rtentry2.o(.ARM.Collect$$rtentry$$0000000C)
    __rt_exit                                0x080001e1   Thumb Code     0  rtexit.o(.ARM.Collect$$rtexit$$00000000)
    __rt_exit_ls                             0x080001e3   Thumb Code     0  rtexit2.o(.ARM.Collect$$rtexit$$00000003)
    __rt_exit_prels_1                        0x080001e3   Thumb Code     0  rtexit2.o(.ARM.Collect$$rtexit$$00000002)
    __rt_exit_exit                           0x080001e7   Thumb Code     0  rtexit2.o(.ARM.Collect$$rtexit$$00000004)
    Update_LCD_Display                       0x080001ed   Thumb Code   178  main.o(.text)
    Capture_cmd                              0x0800029f   Thumb Code   250  main.o(.text)
    time_capture                             0x08000399   Thumb Code   186  main.o(.text)
    main                                     0x08000453   Thumb Code   284  main.o(.text)
    Sub_time                                 0x0800056f   Thumb Code    70  main.o(.text)
    TIM3_IRQHandler                          0x080005b5   Thumb Code   720  main.o(.text)
    NMI_Handler                              0x08000899   Thumb Code     2  stm32f10x_it.o(.text)
    HardFault_Handler                        0x0800089b   Thumb Code     4  stm32f10x_it.o(.text)
    MemManage_Handler                        0x0800089f   Thumb Code     4  stm32f10x_it.o(.text)
    BusFault_Handler                         0x080008a3   Thumb Code     4  stm32f10x_it.o(.text)
    UsageFault_Handler                       0x080008a7   Thumb Code     4  stm32f10x_it.o(.text)
    SVC_Handler                              0x080008ab   Thumb Code     2  stm32f10x_it.o(.text)
    DebugMon_Handler                         0x080008ad   Thumb Code     2  stm32f10x_it.o(.text)
    PendSV_Handler                           0x080008af   Thumb Code     2  stm32f10x_it.o(.text)
    SysTick_Handler                          0x080008b1   Thumb Code     2  stm32f10x_it.o(.text)
    SystemInit                               0x08000993   Thumb Code    78  system_stm32f10x.o(.text)
    SystemCoreClockUpdate                    0x080009e1   Thumb Code   142  system_stm32f10x.o(.text)
    LED_Init                                 0x08000a95   Thumb Code    68  led.o(.text)
    KEY_Init                                 0x08000ae1   Thumb Code    52  key.o(.text)
    KEY_Scan                                 0x08000b15   Thumb Code   188  key.o(.text)
    LCD_WR_REG                               0x08000bdd   Thumb Code     6  lcd.o(.text)
    LCD_WR_DATA                              0x08000be3   Thumb Code     8  lcd.o(.text)
    LCD_RD_DATA                              0x08000beb   Thumb Code    16  lcd.o(.text)
    LCD_WriteReg                             0x08000bfb   Thumb Code    10  lcd.o(.text)
    LCD_ReadReg                              0x08000c05   Thumb Code    22  lcd.o(.text)
    LCD_WriteRAM_Prepare                     0x08000c1b   Thumb Code    10  lcd.o(.text)
    LCD_WriteRAM                             0x08000c25   Thumb Code     8  lcd.o(.text)
    LCD_BGR2RGB                              0x08000c2d   Thumb Code    26  lcd.o(.text)
    opt_delay                                0x08000c47   Thumb Code    14  lcd.o(.text)
    LCD_SetCursor                            0x08000c55   Thumb Code   418  lcd.o(.text)
    LCD_ReadPoint                            0x08000df7   Thumb Code   360  lcd.o(.text)
    LCD_DisplayOn                            0x08000f5f   Thumb Code   102  lcd.o(.text)
    LCD_DisplayOff                           0x08000fc5   Thumb Code    90  lcd.o(.text)
    LCD_Scan_Dir                             0x0800101f   Thumb Code   744  lcd.o(.text)
    LCD_DrawPoint                            0x08001307   Thumb Code    28  lcd.o(.text)
    LCD_Fast_DrawPoint                       0x08001323   Thumb Code   384  lcd.o(.text)
    LCD_SSD_BackLightSet                     0x080014a3   Thumb Code    80  lcd.o(.text)
    LCD_Display_Dir                          0x080014f3   Thumb Code   444  lcd.o(.text)
    LCD_Set_Window                           0x080016af   Thumb Code   540  lcd.o(.text)
    LCD_Clear                                0x080018cb   Thumb Code   100  lcd.o(.text)
    LCD_Init                                 0x0800192f   Thumb Code 14190  lcd.o(.text)
    LCD_Fill                                 0x0800509d   Thumb Code   178  lcd.o(.text)
    LCD_Color_Fill                           0x0800514f   Thumb Code   106  lcd.o(.text)
    LCD_DrawLine                             0x080051b9   Thumb Code   176  lcd.o(.text)
    LCD_DrawRectangle                        0x08005269   Thumb Code    60  lcd.o(.text)
    LCD_Draw_Circle                          0x080052a5   Thumb Code   152  lcd.o(.text)
    LCD_ShowChar                             0x0800533d   Thumb Code   272  lcd.o(.text)
    LCD_Pow                                  0x0800544d   Thumb Code    22  lcd.o(.text)
    LCD_ShowNum                              0x08005463   Thumb Code   148  lcd.o(.text)
    LCD_ShowxNum                             0x080054f7   Thumb Code   220  lcd.o(.text)
    LCD_ShowString                           0x080055d3   Thumb Code   102  lcd.o(.text)
    TIM3_Int_Init                            0x08005639   Thumb Code    90  timer.o(.text)
    TIM2_Int_Init                            0x08005693   Thumb Code    90  timer.o(.text)
    delay_init                               0x080056f1   Thumb Code    50  delay.o(.text)
    delay_us                                 0x08005723   Thumb Code    72  delay.o(.text)
    delay_ms                                 0x0800576b   Thumb Code    72  delay.o(.text)
    _sys_exit                                0x080057c5   Thumb Code     6  usart.o(.text)
    fputc                                    0x080057cb   Thumb Code    24  usart.o(.text)
    uart_init                                0x080057e3   Thumb Code   152  usart.o(.text)
    USART1_IRQHandler                        0x0800587b   Thumb Code   122  usart.o(.text)
    Reset_Handler                            0x08005905   Thumb Code     8  startup_stm32f10x_hd.o(.text)
    ADC1_2_IRQHandler                        0x0800591f   Thumb Code     0  startup_stm32f10x_hd.o(.text)
    ADC3_IRQHandler                          0x0800591f   Thumb Code     0  startup_stm32f10x_hd.o(.text)
    CAN1_RX1_IRQHandler                      0x0800591f   Thumb Code     0  startup_stm32f10x_hd.o(.text)
    CAN1_SCE_IRQHandler                      0x0800591f   Thumb Code     0  startup_stm32f10x_hd.o(.text)
    DMA1_Channel1_IRQHandler                 0x0800591f   Thumb Code     0  startup_stm32f10x_hd.o(.text)
    DMA1_Channel2_IRQHandler                 0x0800591f   Thumb Code     0  startup_stm32f10x_hd.o(.text)
    DMA1_Channel3_IRQHandler                 0x0800591f   Thumb Code     0  startup_stm32f10x_hd.o(.text)
    DMA1_Channel4_IRQHandler                 0x0800591f   Thumb Code     0  startup_stm32f10x_hd.o(.text)
    DMA1_Channel5_IRQHandler                 0x0800591f   Thumb Code     0  startup_stm32f10x_hd.o(.text)
    DMA1_Channel6_IRQHandler                 0x0800591f   Thumb Code     0  startup_stm32f10x_hd.o(.text)
    DMA1_Channel7_IRQHandler                 0x0800591f   Thumb Code     0  startup_stm32f10x_hd.o(.text)
    DMA2_Channel1_IRQHandler                 0x0800591f   Thumb Code     0  startup_stm32f10x_hd.o(.text)
    DMA2_Channel2_IRQHandler                 0x0800591f   Thumb Code     0  startup_stm32f10x_hd.o(.text)
    DMA2_Channel3_IRQHandler                 0x0800591f   Thumb Code     0  startup_stm32f10x_hd.o(.text)
    DMA2_Channel4_5_IRQHandler               0x0800591f   Thumb Code     0  startup_stm32f10x_hd.o(.text)
    EXTI0_IRQHandler                         0x0800591f   Thumb Code     0  startup_stm32f10x_hd.o(.text)
    EXTI15_10_IRQHandler                     0x0800591f   Thumb Code     0  startup_stm32f10x_hd.o(.text)
    EXTI1_IRQHandler                         0x0800591f   Thumb Code     0  startup_stm32f10x_hd.o(.text)
    EXTI2_IRQHandler                         0x0800591f   Thumb Code     0  startup_stm32f10x_hd.o(.text)
    EXTI3_IRQHandler                         0x0800591f   Thumb Code     0  startup_stm32f10x_hd.o(.text)
    EXTI4_IRQHandler                         0x0800591f   Thumb Code     0  startup_stm32f10x_hd.o(.text)
    EXTI9_5_IRQHandler                       0x0800591f   Thumb Code     0  startup_stm32f10x_hd.o(.text)
    FLASH_IRQHandler                         0x0800591f   Thumb Code     0  startup_stm32f10x_hd.o(.text)
    FSMC_IRQHandler                          0x0800591f   Thumb Code     0  startup_stm32f10x_hd.o(.text)
    I2C1_ER_IRQHandler                       0x0800591f   Thumb Code     0  startup_stm32f10x_hd.o(.text)
    I2C1_EV_IRQHandler                       0x0800591f   Thumb Code     0  startup_stm32f10x_hd.o(.text)
    I2C2_ER_IRQHandler                       0x0800591f   Thumb Code     0  startup_stm32f10x_hd.o(.text)
    I2C2_EV_IRQHandler                       0x0800591f   Thumb Code     0  startup_stm32f10x_hd.o(.text)
    PVD_IRQHandler                           0x0800591f   Thumb Code     0  startup_stm32f10x_hd.o(.text)
    RCC_IRQHandler                           0x0800591f   Thumb Code     0  startup_stm32f10x_hd.o(.text)
    RTCAlarm_IRQHandler                      0x0800591f   Thumb Code     0  startup_stm32f10x_hd.o(.text)
    RTC_IRQHandler                           0x0800591f   Thumb Code     0  startup_stm32f10x_hd.o(.text)
    SDIO_IRQHandler                          0x0800591f   Thumb Code     0  startup_stm32f10x_hd.o(.text)
    SPI1_IRQHandler                          0x0800591f   Thumb Code     0  startup_stm32f10x_hd.o(.text)
    SPI2_IRQHandler                          0x0800591f   Thumb Code     0  startup_stm32f10x_hd.o(.text)
    SPI3_IRQHandler                          0x0800591f   Thumb Code     0  startup_stm32f10x_hd.o(.text)
    TAMPER_IRQHandler                        0x0800591f   Thumb Code     0  startup_stm32f10x_hd.o(.text)
    TIM1_BRK_IRQHandler                      0x0800591f   Thumb Code     0  startup_stm32f10x_hd.o(.text)
    TIM1_CC_IRQHandler                       0x0800591f   Thumb Code     0  startup_stm32f10x_hd.o(.text)
    TIM1_TRG_COM_IRQHandler                  0x0800591f   Thumb Code     0  startup_stm32f10x_hd.o(.text)
    TIM1_UP_IRQHandler                       0x0800591f   Thumb Code     0  startup_stm32f10x_hd.o(.text)
    TIM2_IRQHandler                          0x0800591f   Thumb Code     0  startup_stm32f10x_hd.o(.text)
    TIM4_IRQHandler                          0x0800591f   Thumb Code     0  startup_stm32f10x_hd.o(.text)
    TIM5_IRQHandler                          0x0800591f   Thumb Code     0  startup_stm32f10x_hd.o(.text)
    TIM6_IRQHandler                          0x0800591f   Thumb Code     0  startup_stm32f10x_hd.o(.text)
    TIM7_IRQHandler                          0x0800591f   Thumb Code     0  startup_stm32f10x_hd.o(.text)
    TIM8_BRK_IRQHandler                      0x0800591f   Thumb Code     0  startup_stm32f10x_hd.o(.text)
    TIM8_CC_IRQHandler                       0x0800591f   Thumb Code     0  startup_stm32f10x_hd.o(.text)
    TIM8_TRG_COM_IRQHandler                  0x0800591f   Thumb Code     0  startup_stm32f10x_hd.o(.text)
    TIM8_UP_IRQHandler                       0x0800591f   Thumb Code     0  startup_stm32f10x_hd.o(.text)
    UART4_IRQHandler                         0x0800591f   Thumb Code     0  startup_stm32f10x_hd.o(.text)
    UART5_IRQHandler                         0x0800591f   Thumb Code     0  startup_stm32f10x_hd.o(.text)
    USART2_IRQHandler                        0x0800591f   Thumb Code     0  startup_stm32f10x_hd.o(.text)
    USART3_IRQHandler                        0x0800591f   Thumb Code     0  startup_stm32f10x_hd.o(.text)
    USBWakeUp_IRQHandler                     0x0800591f   Thumb Code     0  startup_stm32f10x_hd.o(.text)
    USB_HP_CAN1_TX_IRQHandler                0x0800591f   Thumb Code     0  startup_stm32f10x_hd.o(.text)
    USB_LP_CAN1_RX0_IRQHandler               0x0800591f   Thumb Code     0  startup_stm32f10x_hd.o(.text)
    WWDG_IRQHandler                          0x0800591f   Thumb Code     0  startup_stm32f10x_hd.o(.text)
    __user_initial_stackheap                 0x08005921   Thumb Code     0  startup_stm32f10x_hd.o(.text)
    NVIC_PriorityGroupConfig                 0x08005945   Thumb Code    10  misc.o(.text)
    NVIC_Init                                0x0800594f   Thumb Code   100  misc.o(.text)
    NVIC_SetVectorTable                      0x080059b3   Thumb Code    14  misc.o(.text)
    NVIC_SystemLPConfig                      0x080059c1   Thumb Code    34  misc.o(.text)
    SysTick_CLKSourceConfig                  0x080059e3   Thumb Code    40  misc.o(.text)
    FSMC_NORSRAMDeInit                       0x08005a21   Thumb Code    54  stm32f10x_fsmc.o(.text)
    FSMC_NANDDeInit                          0x08005a57   Thumb Code    62  stm32f10x_fsmc.o(.text)
    FSMC_PCCARDDeInit                        0x08005a95   Thumb Code    36  stm32f10x_fsmc.o(.text)
    FSMC_NORSRAMInit                         0x08005ab9   Thumb Code   230  stm32f10x_fsmc.o(.text)
    FSMC_NANDInit                            0x08005b9f   Thumb Code   132  stm32f10x_fsmc.o(.text)
    FSMC_PCCARDInit                          0x08005c23   Thumb Code   130  stm32f10x_fsmc.o(.text)
    FSMC_NORSRAMStructInit                   0x08005ca5   Thumb Code   114  stm32f10x_fsmc.o(.text)
    FSMC_NANDStructInit                      0x08005d17   Thumb Code    54  stm32f10x_fsmc.o(.text)
    FSMC_PCCARDStructInit                    0x08005d4d   Thumb Code    60  stm32f10x_fsmc.o(.text)
    FSMC_NORSRAMCmd                          0x08005d89   Thumb Code    46  stm32f10x_fsmc.o(.text)
    FSMC_NANDCmd                             0x08005db7   Thumb Code    86  stm32f10x_fsmc.o(.text)
    FSMC_PCCARDCmd                           0x08005e0d   Thumb Code    44  stm32f10x_fsmc.o(.text)
    FSMC_NANDECCCmd                          0x08005e39   Thumb Code    90  stm32f10x_fsmc.o(.text)
    FSMC_GetECC                              0x08005e93   Thumb Code    24  stm32f10x_fsmc.o(.text)
    FSMC_ITConfig                            0x08005eab   Thumb Code   128  stm32f10x_fsmc.o(.text)
    FSMC_GetFlagStatus                       0x08005f2b   Thumb Code    54  stm32f10x_fsmc.o(.text)
    FSMC_ClearFlag                           0x08005f61   Thumb Code    62  stm32f10x_fsmc.o(.text)
    FSMC_GetITStatus                         0x08005f9f   Thumb Code    64  stm32f10x_fsmc.o(.text)
    FSMC_ClearITPendingBit                   0x08005fdf   Thumb Code    68  stm32f10x_fsmc.o(.text)
    GPIO_DeInit                              0x0800602d   Thumb Code   172  stm32f10x_gpio.o(.text)
    GPIO_AFIODeInit                          0x080060d9   Thumb Code    20  stm32f10x_gpio.o(.text)
    GPIO_Init                                0x080060ed   Thumb Code   278  stm32f10x_gpio.o(.text)
    GPIO_StructInit                          0x08006203   Thumb Code    16  stm32f10x_gpio.o(.text)
    GPIO_ReadInputDataBit                    0x08006213   Thumb Code    18  stm32f10x_gpio.o(.text)
    GPIO_ReadInputData                       0x08006225   Thumb Code     8  stm32f10x_gpio.o(.text)
    GPIO_ReadOutputDataBit                   0x0800622d   Thumb Code    18  stm32f10x_gpio.o(.text)
    GPIO_ReadOutputData                      0x0800623f   Thumb Code     8  stm32f10x_gpio.o(.text)
    GPIO_SetBits                             0x08006247   Thumb Code     4  stm32f10x_gpio.o(.text)
    GPIO_ResetBits                           0x0800624b   Thumb Code     4  stm32f10x_gpio.o(.text)
    GPIO_WriteBit                            0x0800624f   Thumb Code    10  stm32f10x_gpio.o(.text)
    GPIO_Write                               0x08006259   Thumb Code     4  stm32f10x_gpio.o(.text)
    GPIO_PinLockConfig                       0x0800625d   Thumb Code    18  stm32f10x_gpio.o(.text)
    GPIO_EventOutputConfig                   0x0800626f   Thumb Code    26  stm32f10x_gpio.o(.text)
    GPIO_EventOutputCmd                      0x08006289   Thumb Code     6  stm32f10x_gpio.o(.text)
    GPIO_PinRemapConfig                      0x0800628f   Thumb Code   138  stm32f10x_gpio.o(.text)
    GPIO_EXTILineConfig                      0x08006319   Thumb Code    66  stm32f10x_gpio.o(.text)
    GPIO_ETH_MediaInterfaceConfig            0x0800635b   Thumb Code     8  stm32f10x_gpio.o(.text)
    RCC_DeInit                               0x08006389   Thumb Code    64  stm32f10x_rcc.o(.text)
    RCC_HSEConfig                            0x080063c9   Thumb Code    70  stm32f10x_rcc.o(.text)
    RCC_GetFlagStatus                        0x0800640f   Thumb Code    56  stm32f10x_rcc.o(.text)
    RCC_WaitForHSEStartUp                    0x08006447   Thumb Code    56  stm32f10x_rcc.o(.text)
    RCC_AdjustHSICalibrationValue            0x0800647f   Thumb Code    20  stm32f10x_rcc.o(.text)
    RCC_HSICmd                               0x08006493   Thumb Code     6  stm32f10x_rcc.o(.text)
    RCC_PLLConfig                            0x08006499   Thumb Code    24  stm32f10x_rcc.o(.text)
    RCC_PLLCmd                               0x080064b1   Thumb Code     6  stm32f10x_rcc.o(.text)
    RCC_SYSCLKConfig                         0x080064b7   Thumb Code    18  stm32f10x_rcc.o(.text)
    RCC_GetSYSCLKSource                      0x080064c9   Thumb Code    10  stm32f10x_rcc.o(.text)
    RCC_HCLKConfig                           0x080064d3   Thumb Code    18  stm32f10x_rcc.o(.text)
    RCC_PCLK1Config                          0x080064e5   Thumb Code    18  stm32f10x_rcc.o(.text)
    RCC_PCLK2Config                          0x080064f7   Thumb Code    20  stm32f10x_rcc.o(.text)
    RCC_ITConfig                             0x0800650b   Thumb Code    26  stm32f10x_rcc.o(.text)
    RCC_USBCLKConfig                         0x08006525   Thumb Code     8  stm32f10x_rcc.o(.text)
    RCC_ADCCLKConfig                         0x0800652d   Thumb Code    18  stm32f10x_rcc.o(.text)
    RCC_LSEConfig                            0x0800653f   Thumb Code    50  stm32f10x_rcc.o(.text)
    RCC_LSICmd                               0x08006571   Thumb Code     6  stm32f10x_rcc.o(.text)
    RCC_RTCCLKConfig                         0x08006577   Thumb Code    12  stm32f10x_rcc.o(.text)
    RCC_RTCCLKCmd                            0x08006583   Thumb Code     8  stm32f10x_rcc.o(.text)
    RCC_GetClocksFreq                        0x0800658b   Thumb Code   192  stm32f10x_rcc.o(.text)
    RCC_AHBPeriphClockCmd                    0x0800664b   Thumb Code    26  stm32f10x_rcc.o(.text)
    RCC_APB2PeriphClockCmd                   0x08006665   Thumb Code    26  stm32f10x_rcc.o(.text)
    RCC_APB1PeriphClockCmd                   0x0800667f   Thumb Code    26  stm32f10x_rcc.o(.text)
    RCC_APB2PeriphResetCmd                   0x08006699   Thumb Code    26  stm32f10x_rcc.o(.text)
    RCC_APB1PeriphResetCmd                   0x080066b3   Thumb Code    26  stm32f10x_rcc.o(.text)
    RCC_BackupResetCmd                       0x080066cd   Thumb Code     8  stm32f10x_rcc.o(.text)
    RCC_ClockSecuritySystemCmd               0x080066d5   Thumb Code     6  stm32f10x_rcc.o(.text)
    RCC_MCOConfig                            0x080066db   Thumb Code     6  stm32f10x_rcc.o(.text)
    RCC_ClearFlag                            0x080066e1   Thumb Code    14  stm32f10x_rcc.o(.text)
    RCC_GetITStatus                          0x080066ef   Thumb Code    20  stm32f10x_rcc.o(.text)
    RCC_ClearITPendingBit                    0x08006703   Thumb Code     6  stm32f10x_rcc.o(.text)
    USART_DeInit                             0x0800672d   Thumb Code   134  stm32f10x_usart.o(.text)
    USART_Init                               0x080067b3   Thumb Code   210  stm32f10x_usart.o(.text)
    USART_StructInit                         0x08006885   Thumb Code    24  stm32f10x_usart.o(.text)
    USART_ClockInit                          0x0800689d   Thumb Code    34  stm32f10x_usart.o(.text)
    USART_ClockStructInit                    0x080068bf   Thumb Code    12  stm32f10x_usart.o(.text)
    USART_Cmd                                0x080068cb   Thumb Code    24  stm32f10x_usart.o(.text)
    USART_ITConfig                           0x080068e3   Thumb Code    74  stm32f10x_usart.o(.text)
    USART_DMACmd                             0x0800692d   Thumb Code    18  stm32f10x_usart.o(.text)
    USART_SetAddress                         0x0800693f   Thumb Code    18  stm32f10x_usart.o(.text)
    USART_WakeUpConfig                       0x08006951   Thumb Code    18  stm32f10x_usart.o(.text)
    USART_ReceiverWakeUpCmd                  0x08006963   Thumb Code    24  stm32f10x_usart.o(.text)
    USART_LINBreakDetectLengthConfig         0x0800697b   Thumb Code    18  stm32f10x_usart.o(.text)
    USART_LINCmd                             0x0800698d   Thumb Code    24  stm32f10x_usart.o(.text)
    USART_SendData                           0x080069a5   Thumb Code     8  stm32f10x_usart.o(.text)
    USART_ReceiveData                        0x080069ad   Thumb Code    10  stm32f10x_usart.o(.text)
    USART_SendBreak                          0x080069b7   Thumb Code    10  stm32f10x_usart.o(.text)
    USART_SetGuardTime                       0x080069c1   Thumb Code    16  stm32f10x_usart.o(.text)
    USART_SetPrescaler                       0x080069d1   Thumb Code    16  stm32f10x_usart.o(.text)
    USART_SmartCardCmd                       0x080069e1   Thumb Code    24  stm32f10x_usart.o(.text)
    USART_SmartCardNACKCmd                   0x080069f9   Thumb Code    24  stm32f10x_usart.o(.text)
    USART_HalfDuplexCmd                      0x08006a11   Thumb Code    24  stm32f10x_usart.o(.text)
    USART_OverSampling8Cmd                   0x08006a29   Thumb Code    22  stm32f10x_usart.o(.text)
    USART_OneBitMethodCmd                    0x08006a3f   Thumb Code    24  stm32f10x_usart.o(.text)
    USART_IrDAConfig                         0x08006a57   Thumb Code    18  stm32f10x_usart.o(.text)
    USART_IrDACmd                            0x08006a69   Thumb Code    24  stm32f10x_usart.o(.text)
    USART_GetFlagStatus                      0x08006a81   Thumb Code    26  stm32f10x_usart.o(.text)
    USART_ClearFlag                          0x08006a9b   Thumb Code    18  stm32f10x_usart.o(.text)
    USART_GetITStatus                        0x08006aad   Thumb Code    84  stm32f10x_usart.o(.text)
    USART_ClearITPendingBit                  0x08006b01   Thumb Code    52  stm32f10x_usart.o(.text)
    TIM_DeInit                               0x08006b35   Thumb Code   424  stm32f10x_tim.o(.text)
    TIM_TimeBaseInit                         0x08006cdd   Thumb Code   122  stm32f10x_tim.o(.text)
    TIM_OC1Init                              0x08006d57   Thumb Code   132  stm32f10x_tim.o(.text)
    TIM_OC2Init                              0x08006ddb   Thumb Code   154  stm32f10x_tim.o(.text)
    TIM_OC3Init                              0x08006e75   Thumb Code   150  stm32f10x_tim.o(.text)
    TIM_OC4Init                              0x08006f0b   Thumb Code   182  stm32f10x_tim.o(.text)
    TIM_SetIC4Prescaler                      0x08006fc1   Thumb Code    26  stm32f10x_tim.o(.text)
    TIM_SetIC3Prescaler                      0x0800705d   Thumb Code    18  stm32f10x_tim.o(.text)
    TIM_SetIC2Prescaler                      0x080070e9   Thumb Code    26  stm32f10x_tim.o(.text)
    TIM_SetIC1Prescaler                      0x08007185   Thumb Code    18  stm32f10x_tim.o(.text)
    TIM_ICInit                               0x08007203   Thumb Code   150  stm32f10x_tim.o(.text)
    TIM_PWMIConfig                           0x08007299   Thumb Code   124  stm32f10x_tim.o(.text)
    TIM_BDTRConfig                           0x08007315   Thumb Code    32  stm32f10x_tim.o(.text)
    TIM_TimeBaseStructInit                   0x08007335   Thumb Code    18  stm32f10x_tim.o(.text)
    TIM_OCStructInit                         0x08007347   Thumb Code    20  stm32f10x_tim.o(.text)
    TIM_ICStructInit                         0x0800735b   Thumb Code    18  stm32f10x_tim.o(.text)
    TIM_BDTRStructInit                       0x0800736d   Thumb Code    40  stm32f10x_tim.o(.text)
    TIM_Cmd                                  0x08007395   Thumb Code    24  stm32f10x_tim.o(.text)
    TIM_CtrlPWMOutputs                       0x080073ad   Thumb Code    30  stm32f10x_tim.o(.text)
    TIM_ITConfig                             0x080073cb   Thumb Code    18  stm32f10x_tim.o(.text)
    TIM_GenerateEvent                        0x080073dd   Thumb Code     4  stm32f10x_tim.o(.text)
    TIM_DMAConfig                            0x080073e1   Thumb Code    10  stm32f10x_tim.o(.text)
    TIM_DMACmd                               0x080073eb   Thumb Code    18  stm32f10x_tim.o(.text)
    TIM_InternalClockConfig                  0x080073fd   Thumb Code    12  stm32f10x_tim.o(.text)
    TIM_SelectInputTrigger                   0x08007409   Thumb Code    18  stm32f10x_tim.o(.text)
    TIM_ITRxExternalClockConfig              0x0800741b   Thumb Code    24  stm32f10x_tim.o(.text)
    TIM_TIxExternalClockConfig               0x08007433   Thumb Code    62  stm32f10x_tim.o(.text)
    TIM_ETRConfig                            0x08007471   Thumb Code    28  stm32f10x_tim.o(.text)
    TIM_ETRClockMode1Config                  0x0800748d   Thumb Code    54  stm32f10x_tim.o(.text)
    TIM_ETRClockMode2Config                  0x080074c3   Thumb Code    32  stm32f10x_tim.o(.text)
    TIM_PrescalerConfig                      0x080074e3   Thumb Code     6  stm32f10x_tim.o(.text)
    TIM_CounterModeConfig                    0x080074e9   Thumb Code    18  stm32f10x_tim.o(.text)
    TIM_EncoderInterfaceConfig               0x080074fb   Thumb Code    66  stm32f10x_tim.o(.text)
    TIM_ForcedOC1Config                      0x0800753d   Thumb Code    18  stm32f10x_tim.o(.text)
    TIM_ForcedOC2Config                      0x0800754f   Thumb Code    26  stm32f10x_tim.o(.text)
    TIM_ForcedOC3Config                      0x08007569   Thumb Code    18  stm32f10x_tim.o(.text)
    TIM_ForcedOC4Config                      0x0800757b   Thumb Code    26  stm32f10x_tim.o(.text)
    TIM_ARRPreloadConfig                     0x08007595   Thumb Code    24  stm32f10x_tim.o(.text)
    TIM_SelectCOM                            0x080075ad   Thumb Code    24  stm32f10x_tim.o(.text)
    TIM_SelectCCDMA                          0x080075c5   Thumb Code    24  stm32f10x_tim.o(.text)
    TIM_CCPreloadControl                     0x080075dd   Thumb Code    24  stm32f10x_tim.o(.text)
    TIM_OC1PreloadConfig                     0x080075f5   Thumb Code    18  stm32f10x_tim.o(.text)
    TIM_OC2PreloadConfig                     0x08007607   Thumb Code    26  stm32f10x_tim.o(.text)
    TIM_OC3PreloadConfig                     0x08007621   Thumb Code    18  stm32f10x_tim.o(.text)
    TIM_OC4PreloadConfig                     0x08007633   Thumb Code    26  stm32f10x_tim.o(.text)
    TIM_OC1FastConfig                        0x0800764d   Thumb Code    18  stm32f10x_tim.o(.text)
    TIM_OC2FastConfig                        0x0800765f   Thumb Code    26  stm32f10x_tim.o(.text)
    TIM_OC3FastConfig                        0x08007679   Thumb Code    18  stm32f10x_tim.o(.text)
    TIM_OC4FastConfig                        0x0800768b   Thumb Code    26  stm32f10x_tim.o(.text)
    TIM_ClearOC1Ref                          0x080076a5   Thumb Code    18  stm32f10x_tim.o(.text)
    TIM_ClearOC2Ref                          0x080076b7   Thumb Code    24  stm32f10x_tim.o(.text)
    TIM_ClearOC3Ref                          0x080076cf   Thumb Code    18  stm32f10x_tim.o(.text)
    TIM_ClearOC4Ref                          0x080076e1   Thumb Code    24  stm32f10x_tim.o(.text)
    TIM_OC1PolarityConfig                    0x080076f9   Thumb Code    18  stm32f10x_tim.o(.text)
    TIM_OC1NPolarityConfig                   0x0800770b   Thumb Code    18  stm32f10x_tim.o(.text)
    TIM_OC2PolarityConfig                    0x0800771d   Thumb Code    26  stm32f10x_tim.o(.text)
    TIM_OC2NPolarityConfig                   0x08007737   Thumb Code    26  stm32f10x_tim.o(.text)
    TIM_OC3PolarityConfig                    0x08007751   Thumb Code    26  stm32f10x_tim.o(.text)
    TIM_OC3NPolarityConfig                   0x0800776b   Thumb Code    26  stm32f10x_tim.o(.text)
    TIM_OC4PolarityConfig                    0x08007785   Thumb Code    26  stm32f10x_tim.o(.text)
    TIM_CCxCmd                               0x0800779f   Thumb Code    30  stm32f10x_tim.o(.text)
    TIM_CCxNCmd                              0x080077bd   Thumb Code    30  stm32f10x_tim.o(.text)
    TIM_SelectOCxM                           0x080077db   Thumb Code    82  stm32f10x_tim.o(.text)
    TIM_UpdateDisableConfig                  0x0800782d   Thumb Code    24  stm32f10x_tim.o(.text)
    TIM_UpdateRequestConfig                  0x08007845   Thumb Code    24  stm32f10x_tim.o(.text)
    TIM_SelectHallSensor                     0x0800785d   Thumb Code    24  stm32f10x_tim.o(.text)
    TIM_SelectOnePulseMode                   0x08007875   Thumb Code    18  stm32f10x_tim.o(.text)
    TIM_SelectOutputTrigger                  0x08007887   Thumb Code    18  stm32f10x_tim.o(.text)
    TIM_SelectSlaveMode                      0x08007899   Thumb Code    18  stm32f10x_tim.o(.text)
    TIM_SelectMasterSlaveMode                0x080078ab   Thumb Code    18  stm32f10x_tim.o(.text)
    TIM_SetCounter                           0x080078bd   Thumb Code     4  stm32f10x_tim.o(.text)
    TIM_SetAutoreload                        0x080078c1   Thumb Code     4  stm32f10x_tim.o(.text)
    TIM_SetCompare1                          0x080078c5   Thumb Code     4  stm32f10x_tim.o(.text)
    TIM_SetCompare2                          0x080078c9   Thumb Code     4  stm32f10x_tim.o(.text)
    TIM_SetCompare3                          0x080078cd   Thumb Code     4  stm32f10x_tim.o(.text)
    TIM_SetCompare4                          0x080078d1   Thumb Code     6  stm32f10x_tim.o(.text)
    TIM_SetClockDivision                     0x080078d7   Thumb Code    18  stm32f10x_tim.o(.text)
    TIM_GetCapture1                          0x080078e9   Thumb Code     6  stm32f10x_tim.o(.text)
    TIM_GetCapture2                          0x080078ef   Thumb Code     6  stm32f10x_tim.o(.text)
    TIM_GetCapture3                          0x080078f5   Thumb Code     6  stm32f10x_tim.o(.text)
    TIM_GetCapture4                          0x080078fb   Thumb Code     8  stm32f10x_tim.o(.text)
    TIM_GetCounter                           0x08007903   Thumb Code     6  stm32f10x_tim.o(.text)
    TIM_GetPrescaler                         0x08007909   Thumb Code     6  stm32f10x_tim.o(.text)
    TIM_GetFlagStatus                        0x0800790f   Thumb Code    18  stm32f10x_tim.o(.text)
    TIM_ClearFlag                            0x08007921   Thumb Code     6  stm32f10x_tim.o(.text)
    TIM_GetITStatus                          0x08007927   Thumb Code    34  stm32f10x_tim.o(.text)
    TIM_ClearITPendingBit                    0x08007949   Thumb Code     6  stm32f10x_tim.o(.text)
    __use_no_semihosting                     0x0800794f   Thumb Code     2  use_no_semi_2.o(.text)
    __2printf                                0x08007951   Thumb Code    20  noretval__2printf.o(.text)
    __2sprintf                               0x08007969   Thumb Code    34  noretval__2sprintf.o(.text)
    _printf_pre_padding                      0x08007991   Thumb Code    44  _printf_pad.o(.text)
    _printf_post_padding                     0x080079bd   Thumb Code    34  _printf_pad.o(.text)
    _printf_int_dec                          0x080079e1   Thumb Code   104  _printf_dec.o(.text)
    _printf_int_hex                          0x08007a59   Thumb Code    84  _printf_hex_int.o(.text)
    _printf_longlong_hex                     0x08007a59   Thumb Code     0  _printf_hex_int.o(.text)
    __printf                                 0x08007ab1   Thumb Code   308  __printf_flags_wp.o(.text)
    __0sscanf                                0x08007be9   Thumb Code    52  __0sscanf.o(.text)
    _scanf_int                               0x08007c25   Thumb Code   332  _scanf_int.o(.text)
    strcpy                                   0x08007d71   Thumb Code    72  strcpy.o(.text)
    __aeabi_memclr                           0x08007db9   Thumb Code     0  rt_memclr.o(.text)
    __rt_memclr                              0x08007db9   Thumb Code    68  rt_memclr.o(.text)
    _memset                                  0x08007dbd   Thumb Code     0  rt_memclr.o(.text)
    strcmp                                   0x08007dfd   Thumb Code   128  strcmpv7m.o(.text)
    __use_two_region_memory                  0x08007e7d   Thumb Code     2  heapauxi.o(.text)
    __rt_heap_escrow$2region                 0x08007e7f   Thumb Code     2  heapauxi.o(.text)
    __rt_heap_expand$2region                 0x08007e81   Thumb Code     2  heapauxi.o(.text)
    __I$use$semihosting                      0x08007e83   Thumb Code     0  use_no_semi.o(.text)
    __use_no_semihosting_swi                 0x08007e83   Thumb Code     2  use_no_semi.o(.text)
    _printf_int_common                       0x08007e85   Thumb Code   178  _printf_intcommon.o(.text)
    _printf_char_common                      0x08007f43   Thumb Code    32  _printf_char_common.o(.text)
    _sputc                                   0x08007f69   Thumb Code    10  _sputc.o(.text)
    _printf_char_file                        0x08007f75   Thumb Code    32  _printf_char_file.o(.text)
    _chval                                   0x08007f99   Thumb Code    28  _chval.o(.text)
    __vfscanf_char                           0x08007fc1   Thumb Code    24  scanf_char.o(.text)
    _sgetc                                   0x08007fe1   Thumb Code    30  _sgetc.o(.text)
    _sbackspace                              0x08007fff   Thumb Code    34  _sgetc.o(.text)
    __aeabi_memclr4                          0x08008021   Thumb Code     0  rt_memclr_w.o(.text)
    __aeabi_memclr8                          0x08008021   Thumb Code     0  rt_memclr_w.o(.text)
    __rt_memclr_w                            0x08008021   Thumb Code    78  rt_memclr_w.o(.text)
    _memset_w                                0x08008025   Thumb Code     0  rt_memclr_w.o(.text)
    isspace                                  0x0800806f   Thumb Code    18  isspace.o(.text)
    __vfscanf                                0x08008081   Thumb Code   880  _scanf.o(.text)
    ferror                                   0x080083f5   Thumb Code     8  ferror.o(.text)
    __user_setup_stackheap                   0x080083fd   Thumb Code    74  sys_stackheap_outer.o(.text)
    __rt_ctype_table                         0x08008449   Thumb Code    16  rt_ctype_table.o(.text)
    exit                                     0x08008459   Thumb Code    18  exit.o(.text)
    __user_libspace                          0x0800846d   Thumb Code     8  libspace.o(.text)
    __user_perproc_libspace                  0x0800846d   Thumb Code     0  libspace.o(.text)
    __user_perthread_libspace                0x0800846d   Thumb Code     0  libspace.o(.text)
    __rt_locale                              0x08008475   Thumb Code     8  rt_locale_intlibspace.o(.text)
    _is_digit                                0x0800847d   Thumb Code    14  __printf_wp.o(i._is_digit)
    _get_lc_ctype                            0x0800848d   Thumb Code    44  lc_ctype_c.o(locale$$code)
    __aeabi_d2uiz                            0x080084b9   Thumb Code     0  dfixu.o(x$fpl$dfixu)
    _dfixu                                   0x080084b9   Thumb Code    90  dfixu.o(x$fpl$dfixu)
    __aeabi_ui2d                             0x08008513   Thumb Code     0  dflt_clz.o(x$fpl$dfltu)
    _dfltu                                   0x08008513   Thumb Code    38  dflt_clz.o(x$fpl$dfltu)
    __aeabi_dmul                             0x08008539   Thumb Code     0  dmul.o(x$fpl$dmul)
    _dmul                                    0x08008539   Thumb Code   332  dmul.o(x$fpl$dmul)
    __fpl_dnaninf                            0x0800868d   Thumb Code   156  dnaninf.o(x$fpl$dnaninf)
    __fpl_dretinf                            0x08008729   Thumb Code    12  dretinf.o(x$fpl$dretinf)
    __I$use$fp                               0x08008734   Number         0  usenofp.o(x$fpl$usenofp)
    asc2_1206                                0x08008734   Data        1140  lcd.o(.constdata)
    asc2_1608                                0x08008ba8   Data        1520  lcd.o(.constdata)
    asc2_2412                                0x08009198   Data        3420  lcd.o(.constdata)
    Region$$Table$$Base                      0x08009f30   Number         0  anon$$obj.o(Region$$Table)
    Region$$Table$$Limit                     0x08009f50   Number         0  anon$$obj.o(Region$$Table)
    __ctype                                  0x08009f5d   Data           0  lc_ctype_c.o(locale$$data)
    have_time_flag                           0x20000000   Data           1  main.o(.data)
    cmd                                      0x20000001   Data           1  main.o(.data)
    cmd_show_lcd                             0x20000002   Data           1  main.o(.data)
    cnt10                                    0x20000003   Data           1  main.o(.data)
    key                                      0x20000004   Data           1  main.o(.data)
    low                                      0x20000005   Data           1  main.o(.data)
    cnt                                      0x20000006   Data           1  main.o(.data)
    time                                     0x20000007   Data           3  main.o(.data)
    SystemCoreClock                          0x2000000c   Data           4  system_stm32f10x.o(.data)
    AHBPrescTable                            0x20000010   Data          16  system_stm32f10x.o(.data)
    POINT_COLOR                              0x20000022   Data           2  lcd.o(.data)
    BACK_COLOR                               0x20000024   Data           2  lcd.o(.data)
    __stdout                                 0x2000002c   Data           4  usart.o(.data)
    USART_RX_STA                             0x20000030   Data           2  usart.o(.data)
    lcddev                                   0x20000048   Data          14  lcd.o(.bss)
    USART_RX_BUF                             0x20000056   Data         200  usart.o(.bss)
    __libspace_start                         0x20000120   Data          96  libspace.o(.bss)
    __temporary_stack_top$libspace           0x20000180   Data           0  libspace.o(.bss)



==============================================================================

Memory Map of the image

  Image Entry point : 0x08000131

  Load Region LR_IROM1 (Base: 0x08000000, Size: 0x0000a0a8, Max: 0x00080000, ABSOLUTE)

    Execution Region ER_IROM1 (Exec base: 0x08000000, Load base: 0x08000000, Size: 0x0000a060, Max: 0x00080000, ABSOLUTE)

    Exec Addr    Load Addr    Size         Type   Attr      Idx    E Section Name        Object

    0x08000000   0x08000000   0x00000130   Data   RO          329    RESET               startup_stm32f10x_hd.o
    0x08000130   0x08000130   0x00000008   Code   RO          482  * !!!main             c_w.l(__main.o)
    0x08000138   0x08000138   0x00000034   Code   RO          693    !!!scatter          c_w.l(__scatter.o)
    0x0800016c   0x0800016c   0x0000001a   Code   RO          695    !!handler_copy      c_w.l(__scatter_copy.o)
    0x08000186   0x08000186   0x00000002   PAD
    0x08000188   0x08000188   0x0000001c   Code   RO          697    !!handler_zi        c_w.l(__scatter_zi.o)
    0x080001a4   0x080001a4   0x00000000   Code   RO          469    .ARM.Collect$$_printf_percent$$00000000  c_w.l(_printf_percent.o)
    0x080001a4   0x080001a4   0x00000006   Code   RO          468    .ARM.Collect$$_printf_percent$$00000009  c_w.l(_printf_d.o)
    0x080001aa   0x080001aa   0x00000006   Code   RO          467    .ARM.Collect$$_printf_percent$$0000000C  c_w.l(_printf_x.o)
    0x080001b0   0x080001b0   0x00000004   Code   RO          507    .ARM.Collect$$_printf_percent$$00000017  c_w.l(_printf_percent_end.o)
    0x080001b4   0x080001b4   0x00000002   Code   RO          557    .ARM.Collect$$libinit$$00000000  c_w.l(libinit.o)
    0x080001b6   0x080001b6   0x00000000   Code   RO          572    .ARM.Collect$$libinit$$00000002  c_w.l(libinit2.o)
    0x080001b6   0x080001b6   0x00000000   Code   RO          574    .ARM.Collect$$libinit$$00000004  c_w.l(libinit2.o)
    0x080001b6   0x080001b6   0x00000000   Code   RO          577    .ARM.Collect$$libinit$$0000000A  c_w.l(libinit2.o)
    0x080001b6   0x080001b6   0x00000000   Code   RO          579    .ARM.Collect$$libinit$$0000000C  c_w.l(libinit2.o)
    0x080001b6   0x080001b6   0x00000000   Code   RO          581    .ARM.Collect$$libinit$$0000000E  c_w.l(libinit2.o)
    0x080001b6   0x080001b6   0x00000006   Code   RO          582    .ARM.Collect$$libinit$$0000000F  c_w.l(libinit2.o)
    0x080001bc   0x080001bc   0x00000000   Code   RO          584    .ARM.Collect$$libinit$$00000011  c_w.l(libinit2.o)
    0x080001bc   0x080001bc   0x0000000c   Code   RO          585    .ARM.Collect$$libinit$$00000012  c_w.l(libinit2.o)
    0x080001c8   0x080001c8   0x00000000   Code   RO          586    .ARM.Collect$$libinit$$00000013  c_w.l(libinit2.o)
    0x080001c8   0x080001c8   0x00000000   Code   RO          588    .ARM.Collect$$libinit$$00000015  c_w.l(libinit2.o)
    0x080001c8   0x080001c8   0x00000000   Code   RO          590    .ARM.Collect$$libinit$$00000017  c_w.l(libinit2.o)
    0x080001c8   0x080001c8   0x00000000   Code   RO          592    .ARM.Collect$$libinit$$00000019  c_w.l(libinit2.o)
    0x080001c8   0x080001c8   0x00000000   Code   RO          594    .ARM.Collect$$libinit$$0000001B  c_w.l(libinit2.o)
    0x080001c8   0x080001c8   0x00000000   Code   RO          596    .ARM.Collect$$libinit$$0000001D  c_w.l(libinit2.o)
    0x080001c8   0x080001c8   0x00000000   Code   RO          598    .ARM.Collect$$libinit$$0000001F  c_w.l(libinit2.o)
    0x080001c8   0x080001c8   0x00000000   Code   RO          600    .ARM.Collect$$libinit$$00000021  c_w.l(libinit2.o)
    0x080001c8   0x080001c8   0x00000000   Code   RO          602    .ARM.Collect$$libinit$$00000023  c_w.l(libinit2.o)
    0x080001c8   0x080001c8   0x00000000   Code   RO          604    .ARM.Collect$$libinit$$00000025  c_w.l(libinit2.o)
    0x080001c8   0x080001c8   0x00000000   Code   RO          608    .ARM.Collect$$libinit$$0000002C  c_w.l(libinit2.o)
    0x080001c8   0x080001c8   0x00000000   Code   RO          610    .ARM.Collect$$libinit$$0000002E  c_w.l(libinit2.o)
    0x080001c8   0x080001c8   0x00000000   Code   RO          612    .ARM.Collect$$libinit$$00000030  c_w.l(libinit2.o)
    0x080001c8   0x080001c8   0x00000000   Code   RO          614    .ARM.Collect$$libinit$$00000032  c_w.l(libinit2.o)
    0x080001c8   0x080001c8   0x00000002   Code   RO          615    .ARM.Collect$$libinit$$00000033  c_w.l(libinit2.o)
    0x080001ca   0x080001ca   0x00000002   Code   RO          633    .ARM.Collect$$libshutdown$$00000000  c_w.l(libshutdown.o)
    0x080001cc   0x080001cc   0x00000000   Code   RO          643    .ARM.Collect$$libshutdown$$00000002  c_w.l(libshutdown2.o)
    0x080001cc   0x080001cc   0x00000000   Code   RO          645    .ARM.Collect$$libshutdown$$00000004  c_w.l(libshutdown2.o)
    0x080001cc   0x080001cc   0x00000000   Code   RO          647    .ARM.Collect$$libshutdown$$00000006  c_w.l(libshutdown2.o)
    0x080001cc   0x080001cc   0x00000000   Code   RO          650    .ARM.Collect$$libshutdown$$00000009  c_w.l(libshutdown2.o)
    0x080001cc   0x080001cc   0x00000000   Code   RO          653    .ARM.Collect$$libshutdown$$0000000C  c_w.l(libshutdown2.o)
    0x080001cc   0x080001cc   0x00000000   Code   RO          655    .ARM.Collect$$libshutdown$$0000000E  c_w.l(libshutdown2.o)
    0x080001cc   0x080001cc   0x00000000   Code   RO          658    .ARM.Collect$$libshutdown$$00000011  c_w.l(libshutdown2.o)
    0x080001cc   0x080001cc   0x00000002   Code   RO          659    .ARM.Collect$$libshutdown$$00000012  c_w.l(libshutdown2.o)
    0x080001ce   0x080001ce   0x00000000   Code   RO          498    .ARM.Collect$$rtentry$$00000000  c_w.l(__rtentry.o)
    0x080001ce   0x080001ce   0x00000000   Code   RO          522    .ARM.Collect$$rtentry$$00000002  c_w.l(__rtentry2.o)
    0x080001ce   0x080001ce   0x00000006   Code   RO          534    .ARM.Collect$$rtentry$$00000004  c_w.l(__rtentry4.o)
    0x080001d4   0x080001d4   0x00000000   Code   RO          524    .ARM.Collect$$rtentry$$00000009  c_w.l(__rtentry2.o)
    0x080001d4   0x080001d4   0x00000004   Code   RO          525    .ARM.Collect$$rtentry$$0000000A  c_w.l(__rtentry2.o)
    0x080001d8   0x080001d8   0x00000000   Code   RO          527    .ARM.Collect$$rtentry$$0000000C  c_w.l(__rtentry2.o)
    0x080001d8   0x080001d8   0x00000008   Code   RO          528    .ARM.Collect$$rtentry$$0000000D  c_w.l(__rtentry2.o)
    0x080001e0   0x080001e0   0x00000002   Code   RO          561    .ARM.Collect$$rtexit$$00000000  c_w.l(rtexit.o)
    0x080001e2   0x080001e2   0x00000000   Code   RO          617    .ARM.Collect$$rtexit$$00000002  c_w.l(rtexit2.o)
    0x080001e2   0x080001e2   0x00000004   Code   RO          618    .ARM.Collect$$rtexit$$00000003  c_w.l(rtexit2.o)
    0x080001e6   0x080001e6   0x00000006   Code   RO          619    .ARM.Collect$$rtexit$$00000004  c_w.l(rtexit2.o)
    0x080001ec   0x080001ec   0x000006ac   Code   RO            1    .text               main.o
    0x08000898   0x08000898   0x0000001a   Code   RO          137    .text               stm32f10x_it.o
    0x080008b2   0x080008b2   0x00000002   PAD
    0x080008b4   0x080008b4   0x000001e0   Code   RO          178    .text               system_stm32f10x.o
    0x08000a94   0x08000a94   0x0000004c   Code   RO          196    .text               led.o
    0x08000ae0   0x08000ae0   0x000000fc   Code   RO          208    .text               key.o
    0x08000bdc   0x08000bdc   0x00004a5c   Code   RO          221    .text               lcd.o
    0x08005638   0x08005638   0x000000b8   Code   RO          251    .text               timer.o
    0x080056f0   0x080056f0   0x000000d4   Code   RO          263    .text               delay.o
    0x080057c4   0x080057c4   0x00000140   Code   RO          294    .text               usart.o
    0x08005904   0x08005904   0x00000040   Code   RO          330    .text               startup_stm32f10x_hd.o
    0x08005944   0x08005944   0x000000dc   Code   RO          334    .text               misc.o
    0x08005a20   0x08005a20   0x0000060c   Code   RO          346    .text               stm32f10x_fsmc.o
    0x0800602c   0x0800602c   0x0000035c   Code   RO          358    .text               stm32f10x_gpio.o
    0x08006388   0x08006388   0x000003a4   Code   RO          370    .text               stm32f10x_rcc.o
    0x0800672c   0x0800672c   0x00000408   Code   RO          384    .text               stm32f10x_usart.o
    0x08006b34   0x08006b34   0x00000e1a   Code   RO          396    .text               stm32f10x_tim.o
    0x0800794e   0x0800794e   0x00000002   Code   RO          410    .text               c_w.l(use_no_semi_2.o)
    0x08007950   0x08007950   0x00000018   Code   RO          416    .text               c_w.l(noretval__2printf.o)
    0x08007968   0x08007968   0x00000028   Code   RO          418    .text               c_w.l(noretval__2sprintf.o)
    0x08007990   0x08007990   0x0000004e   Code   RO          422    .text               c_w.l(_printf_pad.o)
    0x080079de   0x080079de   0x00000002   PAD
    0x080079e0   0x080079e0   0x00000078   Code   RO          424    .text               c_w.l(_printf_dec.o)
    0x08007a58   0x08007a58   0x00000058   Code   RO          429    .text               c_w.l(_printf_hex_int.o)
    0x08007ab0   0x08007ab0   0x00000138   Code   RO          459    .text               c_w.l(__printf_flags_wp.o)
    0x08007be8   0x08007be8   0x0000003c   Code   RO          470    .text               c_w.l(__0sscanf.o)
    0x08007c24   0x08007c24   0x0000014c   Code   RO          472    .text               c_w.l(_scanf_int.o)
    0x08007d70   0x08007d70   0x00000048   Code   RO          474    .text               c_w.l(strcpy.o)
    0x08007db8   0x08007db8   0x00000044   Code   RO          476    .text               c_w.l(rt_memclr.o)
    0x08007dfc   0x08007dfc   0x00000080   Code   RO          478    .text               c_w.l(strcmpv7m.o)
    0x08007e7c   0x08007e7c   0x00000006   Code   RO          480    .text               c_w.l(heapauxi.o)
    0x08007e82   0x08007e82   0x00000002   Code   RO          496    .text               c_w.l(use_no_semi.o)
    0x08007e84   0x08007e84   0x000000b2   Code   RO          499    .text               c_w.l(_printf_intcommon.o)
    0x08007f36   0x08007f36   0x00000002   PAD
    0x08007f38   0x08007f38   0x00000030   Code   RO          501    .text               c_w.l(_printf_char_common.o)
    0x08007f68   0x08007f68   0x0000000a   Code   RO          503    .text               c_w.l(_sputc.o)
    0x08007f72   0x08007f72   0x00000002   PAD
    0x08007f74   0x08007f74   0x00000024   Code   RO          505    .text               c_w.l(_printf_char_file.o)
    0x08007f98   0x08007f98   0x0000001c   Code   RO          508    .text               c_w.l(_chval.o)
    0x08007fb4   0x08007fb4   0x0000002c   Code   RO          510    .text               c_w.l(scanf_char.o)
    0x08007fe0   0x08007fe0   0x00000040   Code   RO          512    .text               c_w.l(_sgetc.o)
    0x08008020   0x08008020   0x0000004e   Code   RO          514    .text               c_w.l(rt_memclr_w.o)
    0x0800806e   0x0800806e   0x00000012   Code   RO          536    .text               c_w.l(isspace.o)
    0x08008080   0x08008080   0x00000374   Code   RO          540    .text               c_w.l(_scanf.o)
    0x080083f4   0x080083f4   0x00000008   Code   RO          542    .text               c_w.l(ferror.o)
    0x080083fc   0x080083fc   0x0000004a   Code   RO          546    .text               c_w.l(sys_stackheap_outer.o)
    0x08008446   0x08008446   0x00000002   PAD
    0x08008448   0x08008448   0x00000010   Code   RO          548    .text               c_w.l(rt_ctype_table.o)
    0x08008458   0x08008458   0x00000012   Code   RO          550    .text               c_w.l(exit.o)
    0x0800846a   0x0800846a   0x00000002   PAD
    0x0800846c   0x0800846c   0x00000008   Code   RO          558    .text               c_w.l(libspace.o)
    0x08008474   0x08008474   0x00000008   Code   RO          566    .text               c_w.l(rt_locale_intlibspace.o)
    0x0800847c   0x0800847c   0x0000000e   Code   RO          457    i._is_digit         c_w.l(__printf_wp.o)
    0x0800848a   0x0800848a   0x00000002   PAD
    0x0800848c   0x0800848c   0x0000002c   Code   RO          569    locale$$code        c_w.l(lc_ctype_c.o)
    0x080084b8   0x080084b8   0x0000005a   Code   RO          484    x$fpl$dfixu         fz_ws.l(dfixu.o)
    0x08008512   0x08008512   0x00000026   Code   RO          488    x$fpl$dfltu         fz_ws.l(dflt_clz.o)
    0x08008538   0x08008538   0x00000154   Code   RO          494    x$fpl$dmul          fz_ws.l(dmul.o)
    0x0800868c   0x0800868c   0x0000009c   Code   RO          516    x$fpl$dnaninf       fz_ws.l(dnaninf.o)
    0x08008728   0x08008728   0x0000000c   Code   RO          518    x$fpl$dretinf       fz_ws.l(dretinf.o)
    0x08008734   0x08008734   0x00000000   Code   RO          520    x$fpl$usenofp       fz_ws.l(usenofp.o)
    0x08008734   0x08008734   0x000017c0   Data   RO          223    .constdata          lcd.o
    0x08009ef4   0x08009ef4   0x00000028   Data   RO          430    .constdata          c_w.l(_printf_hex_int.o)
    0x08009f1c   0x08009f1c   0x00000011   Data   RO          460    .constdata          c_w.l(__printf_flags_wp.o)
    0x08009f2d   0x08009f2d   0x00000003   PAD
    0x08009f30   0x08009f30   0x00000020   Data   RO          691    Region$$Table       anon$$obj.o
    0x08009f50   0x08009f50   0x00000110   Data   RO          568    locale$$data        c_w.l(lc_ctype_c.o)


    Execution Region RW_IRAM1 (Exec base: 0x20000000, Load base: 0x0800a060, Size: 0x00000780, Max: 0x00010000, ABSOLUTE)

    Exec Addr    Load Addr    Size         Type   Attr      Idx    E Section Name        Object

    0x20000000   0x0800a060   0x0000000a   Data   RW            2    .data               main.o
    0x2000000a   0x0800a06a   0x00000002   PAD
    0x2000000c   0x0800a06c   0x00000014   Data   RW          179    .data               system_stm32f10x.o
    0x20000020   0x0800a080   0x00000001   Data   RW          209    .data               key.o
    0x20000021   0x0800a081   0x00000001   PAD
    0x20000022   0x0800a082   0x00000004   Data   RW          224    .data               lcd.o
    0x20000026   0x0800a086   0x00000004   Data   RW          264    .data               delay.o
    0x2000002a   0x0800a08a   0x00000002   PAD
    0x2000002c   0x0800a08c   0x00000006   Data   RW          296    .data               usart.o
    0x20000032   0x0800a092   0x00000014   Data   RW          371    .data               stm32f10x_rcc.o
    0x20000046   0x0800a0a6   0x00000002   PAD
    0x20000048        -       0x0000000e   Zero   RW          222    .bss                lcd.o
    0x20000056        -       0x000000c8   Zero   RW          295    .bss                usart.o
    0x2000011e   0x0800a0a6   0x00000002   PAD
    0x20000120        -       0x00000060   Zero   RW          559    .bss                c_w.l(libspace.o)
    0x20000180        -       0x00000200   Zero   RW          328    HEAP                startup_stm32f10x_hd.o
    0x20000380        -       0x00000400   Zero   RW          327    STACK               startup_stm32f10x_hd.o


==============================================================================

Image component sizes


      Code (inc. data)   RO Data    RW Data    ZI Data      Debug   Object Name

       212         18          0          4          0        995   delay.o
       252         12          0          1          0        816   key.o
     19036        162       6080          4         14      22150   lcd.o
        76          8          0          0          0        471   led.o
      1708        586          0         10          0     263477   main.o
       220         22          0          0          0       1753   misc.o
        64         26        304          0       1536        772   startup_stm32f10x_hd.o
      1548         18          0          0          0       5327   stm32f10x_fsmc.o
       860         38          0          0          0       5685   stm32f10x_gpio.o
        26          0          0          0          0       1154   stm32f10x_it.o
       932         36          0         20          0       8836   stm32f10x_rcc.o
      3610         88          0          0          0      22792   stm32f10x_tim.o
      1032         22          0          0          0       8408   stm32f10x_usart.o
         0          0          0          0          0         32   sys.o
       480         38          0         20          0       1667   system_stm32f10x.o
       184          4          0          0          0        954   timer.o
       320         16          0          6        200       3122   usart.o

    ----------------------------------------------------------------------
     30562       1094       6416         72       1752     348411   Object Totals
         0          0         32          0          0          0   (incl. Generated)
         2          0          0          7          2          0   (incl. Padding)

    ----------------------------------------------------------------------

      Code (inc. data)   RO Data    RW Data    ZI Data      Debug   Library Member Name

        60          8          0          0          0         84   __0sscanf.o
         8          0          0          0          0         68   __main.o
       312          4         17          0          0         92   __printf_flags_wp.o
        14          0          0          0          0         68   __printf_wp.o
         0          0          0          0          0          0   __rtentry.o
        12          0          0          0          0          0   __rtentry2.o
         6          0          0          0          0          0   __rtentry4.o
        52          8          0          0          0          0   __scatter.o
        26          0          0          0          0          0   __scatter_copy.o
        28          0          0          0          0          0   __scatter_zi.o
        28          0          0          0          0         68   _chval.o
        48          6          0          0          0         96   _printf_char_common.o
        36          4          0          0          0         80   _printf_char_file.o
         6          0          0          0          0          0   _printf_d.o
       120         16          0          0          0         92   _printf_dec.o
        88          4         40          0          0         88   _printf_hex_int.o
       178          0          0          0          0         88   _printf_intcommon.o
        78          0          0          0          0        108   _printf_pad.o
         0          0          0          0          0          0   _printf_percent.o
         4          0          0          0          0          0   _printf_percent_end.o
         6          0          0          0          0          0   _printf_x.o
       884          4          0          0          0        100   _scanf.o
       332          0          0          0          0         96   _scanf_int.o
        64          0          0          0          0         84   _sgetc.o
        10          0          0          0          0         68   _sputc.o
        18          0          0          0          0         80   exit.o
         8          0          0          0          0         68   ferror.o
         6          0          0          0          0        152   heapauxi.o
        18          0          0          0          0         76   isspace.o
        44         10        272          0          0         76   lc_ctype_c.o
         2          0          0          0          0          0   libinit.o
        20          0          0          0          0          0   libinit2.o
         2          0          0          0          0          0   libshutdown.o
         2          0          0          0          0          0   libshutdown2.o
         8          4          0          0         96         68   libspace.o
        24          4          0          0          0         84   noretval__2printf.o
        40          6          0          0          0         84   noretval__2sprintf.o
        16          4          0          0          0         76   rt_ctype_table.o
         8          4          0          0          0         68   rt_locale_intlibspace.o
        68          0          0          0          0         68   rt_memclr.o
        78          0          0          0          0         80   rt_memclr_w.o
         2          0          0          0          0          0   rtexit.o
        10          0          0          0          0          0   rtexit2.o
        44          8          0          0          0         84   scanf_char.o
       128          0          0          0          0         68   strcmpv7m.o
        72          0          0          0          0         80   strcpy.o
        74          0          0          0          0         80   sys_stackheap_outer.o
         2          0          0          0          0         68   use_no_semi.o
         2          0          0          0          0         68   use_no_semi_2.o
        90          4          0          0          0         92   dfixu.o
        38          0          0          0          0         68   dflt_clz.o
       340         12          0          0          0        104   dmul.o
       156          4          0          0          0         92   dnaninf.o
        12          0          0          0          0         68   dretinf.o
         0          0          0          0          0          0   usenofp.o

    ----------------------------------------------------------------------
      3746        114        332          0         96       3132   Library Totals
        14          0          3          0          0          0   (incl. Padding)

    ----------------------------------------------------------------------

      Code (inc. data)   RO Data    RW Data    ZI Data      Debug   Library Name

      3096         94        329          0         96       2708   c_w.l
       636         20          0          0          0        424   fz_ws.l

    ----------------------------------------------------------------------
      3746        114        332          0         96       3132   Library Totals

    ----------------------------------------------------------------------

==============================================================================


      Code (inc. data)   RO Data    RW Data    ZI Data      Debug   

     34308       1208       6748         72       1848     348419   Grand Totals
     34308       1208       6748         72       1848     348419   ELF Image Totals
     34308       1208       6748         72          0          0   ROM Totals

==============================================================================

    Total RO  Size (Code + RO Data)                41056 (  40.09kB)
    Total RW  Size (RW Data + ZI Data)              1920 (   1.88kB)
    Total ROM Size (Code + RO Data + RW Data)      41128 (  40.16kB)

==============================================================================

